Archive member included to satisfy reference by file (symbol)

c:/Users/PC/AppData/Roaming/Code/User/globalStorage/bmd.stm32-for-vscode/@xpack-dev-tools/arm-none-eabi-gcc/13.2.1-1.1.1/.content/bin/../lib/gcc/arm-none-eabi/13.2.1/../../../../arm-none-eabi/lib/thumb/v7e-m+fp/hard\libc_nano.a(libc_a-atexit.o)
                              c:/Users/PC/AppData/Roaming/Code/User/globalStorage/bmd.stm32-for-vscode/@xpack-dev-tools/arm-none-eabi-gcc/13.2.1-1.1.1/.content/bin/../lib/gcc/arm-none-eabi/13.2.1/../../../../arm-none-eabi/lib/thumb/v7e-m+fp/hard/crt0.o (atexit)
c:/Users/PC/AppData/Roaming/Code/User/globalStorage/bmd.stm32-for-vscode/@xpack-dev-tools/arm-none-eabi-gcc/13.2.1-1.1.1/.content/bin/../lib/gcc/arm-none-eabi/13.2.1/../../../../arm-none-eabi/lib/thumb/v7e-m+fp/hard\libc_nano.a(libc_a-exit.o)
                              c:/Users/PC/AppData/Roaming/Code/User/globalStorage/bmd.stm32-for-vscode/@xpack-dev-tools/arm-none-eabi-gcc/13.2.1-1.1.1/.content/bin/../lib/gcc/arm-none-eabi/13.2.1/../../../../arm-none-eabi/lib/thumb/v7e-m+fp/hard/crt0.o (exit)
c:/Users/PC/AppData/Roaming/Code/User/globalStorage/bmd.stm32-for-vscode/@xpack-dev-tools/arm-none-eabi-gcc/13.2.1-1.1.1/.content/bin/../lib/gcc/arm-none-eabi/13.2.1/../../../../arm-none-eabi/lib/thumb/v7e-m+fp/hard\libc_nano.a(libc_a-findfp.o)
                              c:/Users/PC/AppData/Roaming/Code/User/globalStorage/bmd.stm32-for-vscode/@xpack-dev-tools/arm-none-eabi-gcc/13.2.1-1.1.1/.content/bin/../lib/gcc/arm-none-eabi/13.2.1/../../../../arm-none-eabi/lib/thumb/v7e-m+fp/hard\libc_nano.a(libc_a-exit.o) (__stdio_exit_handler)
c:/Users/PC/AppData/Roaming/Code/User/globalStorage/bmd.stm32-for-vscode/@xpack-dev-tools/arm-none-eabi-gcc/13.2.1-1.1.1/.content/bin/../lib/gcc/arm-none-eabi/13.2.1/../../../../arm-none-eabi/lib/thumb/v7e-m+fp/hard\libc_nano.a(libc_a-fwalk.o)
                              c:/Users/PC/AppData/Roaming/Code/User/globalStorage/bmd.stm32-for-vscode/@xpack-dev-tools/arm-none-eabi-gcc/13.2.1-1.1.1/.content/bin/../lib/gcc/arm-none-eabi/13.2.1/../../../../arm-none-eabi/lib/thumb/v7e-m+fp/hard\libc_nano.a(libc_a-findfp.o) (_fwalk_sglue)
c:/Users/PC/AppData/Roaming/Code/User/globalStorage/bmd.stm32-for-vscode/@xpack-dev-tools/arm-none-eabi-gcc/13.2.1-1.1.1/.content/bin/../lib/gcc/arm-none-eabi/13.2.1/../../../../arm-none-eabi/lib/thumb/v7e-m+fp/hard\libc_nano.a(libc_a-sprintf.o)
                              build/UDS.o (sprintf)
c:/Users/PC/AppData/Roaming/Code/User/globalStorage/bmd.stm32-for-vscode/@xpack-dev-tools/arm-none-eabi-gcc/13.2.1-1.1.1/.content/bin/../lib/gcc/arm-none-eabi/13.2.1/../../../../arm-none-eabi/lib/thumb/v7e-m+fp/hard\libc_nano.a(libc_a-stdio.o)
                              c:/Users/PC/AppData/Roaming/Code/User/globalStorage/bmd.stm32-for-vscode/@xpack-dev-tools/arm-none-eabi-gcc/13.2.1-1.1.1/.content/bin/../lib/gcc/arm-none-eabi/13.2.1/../../../../arm-none-eabi/lib/thumb/v7e-m+fp/hard\libc_nano.a(libc_a-findfp.o) (__sread)
c:/Users/PC/AppData/Roaming/Code/User/globalStorage/bmd.stm32-for-vscode/@xpack-dev-tools/arm-none-eabi-gcc/13.2.1-1.1.1/.content/bin/../lib/gcc/arm-none-eabi/13.2.1/../../../../arm-none-eabi/lib/thumb/v7e-m+fp/hard\libc_nano.a(libc_a-memset.o)
                              c:/Users/PC/AppData/Roaming/Code/User/globalStorage/bmd.stm32-for-vscode/@xpack-dev-tools/arm-none-eabi-gcc/13.2.1-1.1.1/.content/bin/../lib/gcc/arm-none-eabi/13.2.1/../../../../arm-none-eabi/lib/thumb/v7e-m+fp/hard/crt0.o (memset)
c:/Users/PC/AppData/Roaming/Code/User/globalStorage/bmd.stm32-for-vscode/@xpack-dev-tools/arm-none-eabi-gcc/13.2.1-1.1.1/.content/bin/../lib/gcc/arm-none-eabi/13.2.1/../../../../arm-none-eabi/lib/thumb/v7e-m+fp/hard\libc_nano.a(libc_a-closer.o)
                              c:/Users/PC/AppData/Roaming/Code/User/globalStorage/bmd.stm32-for-vscode/@xpack-dev-tools/arm-none-eabi-gcc/13.2.1-1.1.1/.content/bin/../lib/gcc/arm-none-eabi/13.2.1/../../../../arm-none-eabi/lib/thumb/v7e-m+fp/hard\libc_nano.a(libc_a-stdio.o) (_close_r)
c:/Users/PC/AppData/Roaming/Code/User/globalStorage/bmd.stm32-for-vscode/@xpack-dev-tools/arm-none-eabi-gcc/13.2.1-1.1.1/.content/bin/../lib/gcc/arm-none-eabi/13.2.1/../../../../arm-none-eabi/lib/thumb/v7e-m+fp/hard\libc_nano.a(libc_a-reent.o)
                              c:/Users/PC/AppData/Roaming/Code/User/globalStorage/bmd.stm32-for-vscode/@xpack-dev-tools/arm-none-eabi-gcc/13.2.1-1.1.1/.content/bin/../lib/gcc/arm-none-eabi/13.2.1/../../../../arm-none-eabi/lib/thumb/v7e-m+fp/hard\libc_nano.a(libc_a-closer.o) (errno)
c:/Users/PC/AppData/Roaming/Code/User/globalStorage/bmd.stm32-for-vscode/@xpack-dev-tools/arm-none-eabi-gcc/13.2.1-1.1.1/.content/bin/../lib/gcc/arm-none-eabi/13.2.1/../../../../arm-none-eabi/lib/thumb/v7e-m+fp/hard\libc_nano.a(libc_a-impure.o)
[...]
Memory Configuration

Name             Origin             Length             Attributes
RAM              0x20000000         0x00020000         xrw
CCMRAM           0x10000000         0x00010000         xrw
FLASH            0x08000000         0x00100000         xr
*default*        0x00000000         0xffffffff

Linker script and memory map

LOAD c:/Users/PC/AppData/Roaming/Code/User/globalStorage/bmd.stm32-for-vscode/@xpack-dev-tools/arm-none-eabi-gcc/13.2.1-1.1.1/.content/bin/../lib/gcc/arm-none-eabi/13.2.1/thumb/v7e-m+fp/hard/crti.o
LOAD c:/Users/PC/AppData/Roaming/Code/User/globalStorage/bmd.stm32-for-vscode/@xpack-dev-tools/arm-none-eabi-gcc/13.2.1-1.1.1/.content/bin/../lib/gcc/arm-none-eabi/13.2.1/thumb/v7e-m+fp/hard/crtbegin.o
LOAD c:/Users/PC/AppData/Roaming/Code/User/globalStorage/bmd.stm32-for-vscode/@xpack-dev-tools/arm-none-eabi-gcc/13.2.1-1.1.1/.content/bin/../lib/gcc/arm-none-eabi/13.2.1/../../../../arm-none-eabi/lib/thumb/v7e-m+fp/hard/crt0.o
LOAD build/UDS.o
LOAD build/main.o
LOAD build/stm32f4xx_hal_msp.o
LOAD build/stm32f4xx_it.o
LOAD build/syscalls.o
LOAD build/sysmem.o
LOAD build/system_stm32f4xx.o
LOAD build/stm32f4xx_hal.o
LOAD build/stm32f4xx_hal_can.o
LOAD build/stm32f4xx_hal_cortex.o
LOAD build/stm32f4xx_hal_dma.o
LOAD build/stm32f4xx_hal_dma_ex.o
LOAD build/stm32f4xx_hal_exti.o
LOAD build/stm32f4xx_hal_flash.o
LOAD build/stm32f4xx_hal_flash_ex.o
LOAD build/stm32f4xx_hal_flash_ramfunc.o
LOAD build/stm32f4xx_hal_gpio.o
LOAD build/stm32f4xx_hal_pwr.o
LOAD build/stm32f4xx_hal_pwr_ex.o
LOAD build/stm32f4xx_hal_rcc.o
LOAD build/stm32f4xx_hal_rcc_ex.o
LOAD build/stm32f4xx_hal_tim.o
LOAD build/stm32f4xx_hal_tim_ex.o
LOAD build/stm32f4xx_hal_uart.o
LOAD build/startup_stm32f405xx.o
LOAD c:/Users/PC/AppData/Roaming/Code/User/globalStorage/bmd.stm32-for-vscode/@xpack-dev-tools/arm-none-eabi-gcc/13.2.1-1.1.1/.content/bin/../lib/gcc/arm-none-eabi/13.2.1/../../../../arm-none-eabi/lib/thumb/v7e-m+fp/hard\libc_nano.a
LOAD c:/Users/PC/AppData/Roaming/Code/User/globalStorage/bmd.stm32-for-vscode/@xpack-dev-tools/arm-none-eabi-gcc/13.2.1-1.1.1/.content/bin/../lib/gcc/arm-none-eabi/13.2.1/../../../../arm-none-eabi/lib/thumb/v7e-m+fp/hard\libm.a
LOAD c:/Users/PC/AppData/Roaming/Code/User/globalStorage/bmd.stm32-for-vscode/@xpack-dev-tools/arm-none-eabi-gcc/13.2.1-1.1.1/.content/bin/../lib/gcc/arm-none-eabi/13.2.1/../../../../arm-none-eabi/lib/thumb/v7e-m+fp/hard\libnosys.a
START GROUP
LOAD c:/Users/PC/AppData/Roaming/Code/User/globalStorage/bmd.stm32-for-vscode/@xpack-dev-tools/arm-none-eabi-gcc/13.2.1-1.1.1/.content/bin/../lib/gcc/arm-none-eabi/13.2.1/thumb/v7e-m+fp/hard\libgcc.a
LOAD c:/Users/PC/AppData/Roaming/Code/User/globalStorage/bmd.stm32-for-vscode/@xpack-dev-tools/arm-none-eabi-gcc/13.2.1-1.1.1/.content/bin/../lib/gcc/arm-none-eabi/13.2.1/../../../../arm-none-eabi/lib/thumb/v7e-m+fp/hard\libc_nano.a
END GROUP
START GROUP
LOAD c:/Users/PC/AppData/Roaming/Code/User/globalStorage/bmd.stm32-for-vscode/@xpack-dev-tools/arm-none-eabi-gcc/13.2.1-1.1.1/.content/bin/../lib/gcc/arm-none-eabi/13.2.1/thumb/v7e-m+fp/hard\libgcc.a
LOAD c:/Users/PC/AppData/Roaming/Code/User/globalStorage/bmd.stm32-for-vscode/@xpack-dev-tools/arm-none-eabi-gcc/13.2.1-1.1.1/.content/bin/../lib/gcc/arm-none-eabi/13.2.1/../../../../arm-none-eabi/lib/thumb/v7e-m+fp/hard\libc_nano.a
END GROUP
LOAD c:/Users/PC/AppData/Roaming/Code/User/globalStorage/bmd.stm32-for-vscode/@xpack-dev-tools/arm-none-eabi-gcc/13.2.1-1.1.1/.content/bin/../lib/gcc/arm-none-eabi/13.2.1/thumb/v7e-m+fp/hard/crtend.o
LOAD c:/Users/PC/AppData/Roaming/Code/User/globalStorage/bmd.stm32-for-vscode/@xpack-dev-tools/arm-none-eabi-gcc/13.2.1-1.1.1/.content/bin/../lib/gcc/arm-none-eabi/13.2.1/thumb/v7e-m+fp/hard/crtn.o
                0x20020000                        _estack = (ORIGIN (RAM) + LENGTH (RAM))
                0x00000200                        _Min_Heap_Size = 0x200
                0x00000400                        _Min_Stack_Size = 0x400

.isr_vector     0x08000000      0x188
                0x08000000                        . = ALIGN (0x4)
 *(.isr_vector)
 .isr_vector    0x08000000      0x188 build/startup_stm32f405xx.o
                0x08000000                g_pfnVectors
                0x08000188                        . = ALIGN (0x4)

.text           0x08000190     0x3c40
                0x08000190                        . = ALIGN (0x4)
 *(.text)
 .text          0x08000190       0xa0 c:/Users/PC/AppData/Roaming/Code/User/globalStorage/bmd.stm32-for-vscode/@xpack-dev-tools/arm-none-eabi-gcc/13.2.1-1.1.1/.content/bin/../lib/gcc/arm-none-eabi/13.2.1/../../../../arm-none-eabi/lib/thumb/v7e-m+fp/hard\libc_nano.a(libc_a-memchr.o)
                0x08000190                memchr
 .text          0x08000230       0x30 c:/Users/PC/AppData/Roaming/Code/User/globalStorage/bmd.stm32-for-vscode/@xpack-dev-tools/arm-none-eabi-gcc/13.2.1-1.1.1/.content/bin/../lib/gcc/arm-none-eabi/13.2.1/thumb/v7e-m+fp/hard\libgcc.a(_aeabi_uldivmod.o)
                0x08000230                __aeabi_uldivmod
 .text          0x08000260        0x4 c:/Users/PC/AppData/Roaming/Code/User/globalStorage/bmd.stm32-for-vscode/@xpack-dev-tools/arm-none-eabi-gcc/13.2.1-1.1.1/.content/bin/../lib/gcc/arm-none-eabi/13.2.1/thumb/v7e-m+fp/hard\libgcc.a(_dvmd_tls.o)
                0x08000260                __aeabi_idiv0
                0x08000260                __aeabi_ldiv0
 *(.text*)
 .text.__do_global_dtors_aux
                0x08000264       0x24 c:/Users/PC/AppData/Roaming/Code/User/globalStorage/bmd.stm32-for-vscode/@xpack-dev-tools/arm-none-eabi-gcc/13.2.1-1.1.1/.content/bin/../lib/gcc/arm-none-eabi/13.2.1/thumb/v7e-m+fp/hard/crtbegin.o
 .text.frame_dummy
                0x08000288       0x1c c:/Users/PC/AppData/Roaming/Code/User/globalStorage/bmd.stm32-for-vscode/@xpack-dev-tools/arm-none-eabi-gcc/13.2.1-1.1.1/.content/bin/../lib/gcc/arm-none-eabi/13.2.1/thumb/v7e-m+fp/hard/crtbegin.o
 .text.CAN1_Send
                0x080002a4       0x40 build/UDS.o
                0x080002a4                CAN1_Send
 .text.FormatCANFrame
                0x080002e4       0x1e build/UDS.o
                0x080002e4                FormatCANFrame
 .text.calculate_key_from_seed
                0x08000302       0x22 build/UDS.o
                0x08000302                calculate_key_from_seed
 .text.cmp_key  0x08000324       0x2a build/UDS.o
                0x08000324                cmp_key
 *fill*         0x0800034e        0x2 
 .text.checkFormat
                0x08000350       0x50 build/UDS.o
                0x08000350                checkFormat
 .text.checkDID
                0x080003a0       0x18 build/UDS.o
                0x080003a0                checkDID
 .text.UART_ReadString
                0x080003b8       0x48 build/UDS.o
                0x080003b8                UART_ReadString
 .text.SID22_Practice
                0x08000400       0xa0 build/UDS.o
                0x08000400                SID22_Practice
 .text.SID27_Practice
                0x080004a0      0x214 build/UDS.o
                0x080004a0                SID27_Practice
 .text.SID2E_Practice
                0x080006b4       0xfc build/UDS.o
                0x080006b4                SID2E_Practice
 .text.HAL_TIM_PeriodElapsedCallback
                0x080007b0       0xd8 build/UDS.o
                0x080007b0                HAL_TIM_PeriodElapsedCallback
 .text.MX_GPIO_Init
                0x08000888       0xb8 build/main.o
 .text.CAN1_Config
                0x08000940       0x48 build/main.o
                0x08000940                CAN1_Config
 .text.CAN2_Config
                0x08000988       0x48 build/main.o
                0x08000988                CAN2_Config
 .text.MX_CAN1_Setup
                0x080009d0       0x24 build/main.o
                0x080009d0                MX_CAN1_Setup
 .text.MX_CAN2_Setup
                0x080009f4       0x24 build/main.o
                0x080009f4                MX_CAN2_Setup
 .text.USART3_SendString
                0x08000a18       0x24 build/main.o
                0x08000a18                USART3_SendString
 .text.PrintCANLog
                0x08000a3c       0xd0 build/main.o
                0x08000a3c                PrintCANLog
 .text.HAL_UART_RxCpltCallback
                0x08000b0c       0x20 build/main.o
                0x08000b0c                HAL_UART_RxCpltCallback
 .text.Error_Handler
                0x08000b2c       0x10 build/main.o
                0x08000b2c                Error_Handler
 .text.MX_CAN1_Init
                0x08000b3c       0x44 build/main.o
 .text.MX_CAN2_Init
                0x08000b80       0x44 build/main.o
 .text.MX_USART3_UART_Init
                0x08000bc4       0x34 build/main.o
 .text.MX_TIM2_Init
                0x08000bf8       0x68 build/main.o
 .text.SystemClock_Config
                0x08000c60       0xa4 build/main.o
                0x08000c60                SystemClock_Config
 .text.main     0x08000d04      0x150 build/main.o
                0x08000d04                main
 .text.HAL_CAN_RxFifo0MsgPendingCallback
                0x08000e54       0x74 build/main.o
                0x08000e54                HAL_CAN_RxFifo0MsgPendingCallback
 .text.HAL_MspInit
                0x08000ec8       0x38 build/stm32f4xx_hal_msp.o
                0x08000ec8                HAL_MspInit
 .text.HAL_CAN_MspInit
                0x08000f00      0x124 build/stm32f4xx_hal_msp.o
                0x08000f00                HAL_CAN_MspInit
 .text.HAL_TIM_Base_MspInit
                0x08001024       0x3c build/stm32f4xx_hal_msp.o
                0x08001024                HAL_TIM_Base_MspInit
 .text.HAL_UART_MspInit
                0x08001060       0x80 build/stm32f4xx_hal_msp.o
                0x08001060                HAL_UART_MspInit
 .text.NMI_Handler
                0x080010e0        0x2 build/stm32f4xx_it.o
                0x080010e0                NMI_Handler
 .text.HardFault_Handler
                0x080010e2        0x2 build/stm32f4xx_it.o
                0x080010e2                HardFault_Handler
 .text.MemManage_Handler
                0x080010e4        0x2 build/stm32f4xx_it.o
                0x080010e4                MemManage_Handler
 .text.BusFault_Handler
                0x080010e6        0x2 build/stm32f4xx_it.o
                0x080010e6                BusFault_Handler
 .text.UsageFault_Handler
                0x080010e8        0x2 build/stm32f4xx_it.o
                0x080010e8                UsageFault_Handler
 .text.SVC_Handler
                0x080010ea        0x2 build/stm32f4xx_it.o
                0x080010ea                SVC_Handler
 .text.DebugMon_Handler
                0x080010ec        0x2 build/stm32f4xx_it.o
                0x080010ec                DebugMon_Handler
 .text.PendSV_Handler
                0x080010ee        0x2 build/stm32f4xx_it.o
                0x080010ee                PendSV_Handler
 .text.SysTick_Handler
                0x080010f0       0x14 build/stm32f4xx_it.o
                0x080010f0                SysTick_Handler
 .text.EXTI0_IRQHandler
                0x08001104        0xa build/stm32f4xx_it.o
                0x08001104                EXTI0_IRQHandler
 *fill*         0x0800110e        0x2 
 .text.CAN1_RX0_IRQHandler
                0x08001110       0x10 build/stm32f4xx_it.o
                0x08001110                CAN1_RX0_IRQHandler
 .text.TIM2_IRQHandler
                0x08001120       0x10 build/stm32f4xx_it.o
                0x08001120                TIM2_IRQHandler
 .text.USART3_IRQHandler
                0x08001130       0x20 build/stm32f4xx_it.o
                0x08001130                USART3_IRQHandler
 .text.CAN2_RX0_IRQHandler
                0x08001150       0x10 build/stm32f4xx_it.o
                0x08001150                CAN2_RX0_IRQHandler
 .text._sbrk    0x08001160       0x48 build/sysmem.o
                0x08001160                _sbrk
 .text.SystemInit
                0x080011a8       0x14 build/system_stm32f4xx.o
                0x080011a8                SystemInit
 .text.HAL_InitTick
                0x080011bc       0x4c build/stm32f4xx_hal.o
                0x080011bc                HAL_InitTick
 .text.HAL_Init
                0x08001208       0x34 build/stm32f4xx_hal.o
                0x08001208                HAL_Init
 .text.HAL_IncTick
                0x0800123c       0x18 build/stm32f4xx_hal.o
                0x0800123c                HAL_IncTick
 .text.HAL_GetTick
                0x08001254        0xc build/stm32f4xx_hal.o
                0x08001254                HAL_GetTick
 .text.HAL_Delay
                0x08001260       0x28 build/stm32f4xx_hal.o
                0x08001260                HAL_Delay
 .text.HAL_CAN_Init
                0x08001288      0x14c build/stm32f4xx_hal_can.o
                0x08001288                HAL_CAN_Init
 .text.HAL_CAN_ConfigFilter
                0x080013d4      0x138 build/stm32f4xx_hal_can.o
                0x080013d4                HAL_CAN_ConfigFilter
 .text.HAL_CAN_Start
                0x0800150c       0x5c build/stm32f4xx_hal_can.o
                0x0800150c                HAL_CAN_Start
 .text.HAL_CAN_AddTxMessage
                0x08001568       0xea build/stm32f4xx_hal_can.o
                0x08001568                HAL_CAN_AddTxMessage
 .text.HAL_CAN_GetRxMessage
                0x08001652      0x16a build/stm32f4xx_hal_can.o
                0x08001652                HAL_CAN_GetRxMessage
 .text.HAL_CAN_ActivateNotification
                0x080017bc       0x24 build/stm32f4xx_hal_can.o
                0x080017bc                HAL_CAN_ActivateNotification
 .text.HAL_CAN_TxMailbox0CompleteCallback
                0x080017e0        0x2 build/stm32f4xx_hal_can.o
                0x080017e0                HAL_CAN_TxMailbox0CompleteCallback
 .text.HAL_CAN_TxMailbox1CompleteCallback
                0x080017e2        0x2 build/stm32f4xx_hal_can.o
                0x080017e2                HAL_CAN_TxMailbox1CompleteCallback
 .text.HAL_CAN_TxMailbox2CompleteCallback
                0x080017e4        0x2 build/stm32f4xx_hal_can.o
                0x080017e4                HAL_CAN_TxMailbox2CompleteCallback
 .text.HAL_CAN_TxMailbox0AbortCallback
                0x080017e6        0x2 build/stm32f4xx_hal_can.o
                0x080017e6                HAL_CAN_TxMailbox0AbortCallback
 .text.HAL_CAN_TxMailbox1AbortCallback
                0x080017e8        0x2 build/stm32f4xx_hal_can.o
                0x080017e8                HAL_CAN_TxMailbox1AbortCallback
 .text.HAL_CAN_TxMailbox2AbortCallback
                0x080017ea        0x2 build/stm32f4xx_hal_can.o
                0x080017ea                HAL_CAN_TxMailbox2AbortCallback
 .text.HAL_CAN_RxFifo0FullCallback
                0x080017ec        0x2 build/stm32f4xx_hal_can.o
                0x080017ec                HAL_CAN_RxFifo0FullCallback
 .text.HAL_CAN_RxFifo1MsgPendingCallback
                0x080017ee        0x2 build/stm32f4xx_hal_can.o
                0x080017ee                HAL_CAN_RxFifo1MsgPendingCallback
 .text.HAL_CAN_RxFifo1FullCallback
                0x080017f0        0x2 build/stm32f4xx_hal_can.o
                0x080017f0                HAL_CAN_RxFifo1FullCallback
 .text.HAL_CAN_SleepCallback
                0x080017f2        0x2 build/stm32f4xx_hal_can.o
                0x080017f2                HAL_CAN_SleepCallback
 .text.HAL_CAN_WakeUpFromRxMsgCallback
                0x080017f4        0x2 build/stm32f4xx_hal_can.o
                0x080017f4                HAL_CAN_WakeUpFromRxMsgCallback
 .text.HAL_CAN_ErrorCallback
                0x080017f6        0x2 build/stm32f4xx_hal_can.o
                0x080017f6                HAL_CAN_ErrorCallback
 .text.HAL_CAN_IRQHandler
                0x080017f8      0x250 build/stm32f4xx_hal_can.o
                0x080017f8                HAL_CAN_IRQHandler
 .text.__NVIC_EnableIRQ
                0x08001a48       0x1c build/stm32f4xx_hal_cortex.o
 .text.__NVIC_SetPriority
                0x08001a64       0x28 build/stm32f4xx_hal_cortex.o
 .text.NVIC_EncodePriority
                0x08001a8c       0x3e build/stm32f4xx_hal_cortex.o
 *fill*         0x08001aca        0x2 
 .text.HAL_NVIC_SetPriorityGrouping
                0x08001acc       0x24 build/stm32f4xx_hal_cortex.o
                0x08001acc                HAL_NVIC_SetPriorityGrouping
 .text.HAL_NVIC_SetPriority
                0x08001af0       0x20 build/stm32f4xx_hal_cortex.o
                0x08001af0                HAL_NVIC_SetPriority
 .text.HAL_NVIC_EnableIRQ
                0x08001b10        0x8 build/stm32f4xx_hal_cortex.o
                0x08001b10                HAL_NVIC_EnableIRQ
 .text.HAL_SYSTICK_Config
                0x08001b18       0x28 build/stm32f4xx_hal_cortex.o
                0x08001b18                HAL_SYSTICK_Config
 .text.HAL_DMA_Abort
                0x08001b40       0x94 build/stm32f4xx_hal_dma.o
                0x08001b40                HAL_DMA_Abort
 .text.HAL_DMA_Abort_IT
                0x08001bd4       0x26 build/stm32f4xx_hal_dma.o
                0x08001bd4                HAL_DMA_Abort_IT
 *fill*         0x08001bfa        0x2 
 .text.HAL_GPIO_Init
                0x08001bfc      0x1ec build/stm32f4xx_hal_gpio.o
                0x08001bfc                HAL_GPIO_Init
 .text.HAL_GPIO_ReadPin
                0x08001de8        0xe build/stm32f4xx_hal_gpio.o
                0x08001de8                HAL_GPIO_ReadPin
 .text.HAL_GPIO_WritePin
                0x08001df6        0xc build/stm32f4xx_hal_gpio.o
                0x08001df6                HAL_GPIO_WritePin
 .text.HAL_GPIO_EXTI_Callback
                0x08001e02        0x2 build/stm32f4xx_hal_gpio.o
                0x08001e02                HAL_GPIO_EXTI_Callback
 .text.HAL_GPIO_EXTI_IRQHandler
                0x08001e04       0x1c build/stm32f4xx_hal_gpio.o
                0x08001e04                HAL_GPIO_EXTI_IRQHandler
 .text.HAL_RCC_OscConfig
                0x08001e20      0x3f8 build/stm32f4xx_hal_rcc.o
                0x08001e20                HAL_RCC_OscConfig
 .text.HAL_RCC_GetSysClockFreq
                0x08002218       0xdc build/stm32f4xx_hal_rcc.o
                0x08002218                HAL_RCC_GetSysClockFreq
 .text.HAL_RCC_ClockConfig
                0x080022f4      0x160 build/stm32f4xx_hal_rcc.o
                0x080022f4                HAL_RCC_ClockConfig
 .text.HAL_RCC_GetHCLKFreq
                0x08002454        0xc build/stm32f4xx_hal_rcc.o
                0x08002454                HAL_RCC_GetHCLKFreq
 .text.HAL_RCC_GetPCLK1Freq
                0x08002460       0x20 build/stm32f4xx_hal_rcc.o
                0x08002460                HAL_RCC_GetPCLK1Freq
 .text.HAL_RCC_GetPCLK2Freq
                0x08002480       0x20 build/stm32f4xx_hal_rcc.o
                0x08002480                HAL_RCC_GetPCLK2Freq
 .text.TIM_TI1_ConfigInputStage
                0x080024a0       0x26 build/stm32f4xx_hal_tim.o
 .text.TIM_TI2_ConfigInputStage
                0x080024c6       0x28 build/stm32f4xx_hal_tim.o
 .text.TIM_ITRx_SetConfig
                0x080024ee       0x10 build/stm32f4xx_hal_tim.o
 *fill*         0x080024fe        0x2 
 .text.HAL_TIM_Base_Start_IT
                0x08002500       0x88 build/stm32f4xx_hal_tim.o
                0x08002500                HAL_TIM_Base_Start_IT
 .text.HAL_TIM_Base_Stop_IT
                0x08002588       0x32 build/stm32f4xx_hal_tim.o
                0x08002588                HAL_TIM_Base_Stop_IT
 .text.HAL_TIM_OC_DelayElapsedCallback
                0x080025ba        0x2 build/stm32f4xx_hal_tim.o
                0x080025ba                HAL_TIM_OC_DelayElapsedCallback
 .text.HAL_TIM_IC_CaptureCallback
                0x080025bc        0x2 build/stm32f4xx_hal_tim.o
                0x080025bc                HAL_TIM_IC_CaptureCallback
 .text.HAL_TIM_PWM_PulseFinishedCallback
                0x080025be        0x2 build/stm32f4xx_hal_tim.o
                0x080025be                HAL_TIM_PWM_PulseFinishedCallback
 .text.HAL_TIM_TriggerCallback
                0x080025c0        0x2 build/stm32f4xx_hal_tim.o
                0x080025c0                HAL_TIM_TriggerCallback
 .text.HAL_TIM_IRQHandler
                0x080025c2      0x15e build/stm32f4xx_hal_tim.o
                0x080025c2                HAL_TIM_IRQHandler
 .text.TIM_Base_SetConfig
                0x08002720       0xd8 build/stm32f4xx_hal_tim.o
                0x08002720                TIM_Base_SetConfig
 .text.HAL_TIM_Base_Init
                0x080027f8       0x58 build/stm32f4xx_hal_tim.o
                0x080027f8                HAL_TIM_Base_Init
 .text.TIM_ETR_SetConfig
                0x08002850       0x1a build/stm32f4xx_hal_tim.o
                0x08002850                TIM_ETR_SetConfig
 .text.HAL_TIM_ConfigClockSource
                0x0800286a       0xfe build/stm32f4xx_hal_tim.o
                0x0800286a                HAL_TIM_ConfigClockSource
 .text.HAL_TIMEx_MasterConfigSynchronization
                0x08002968       0x8c build/stm32f4xx_hal_tim_ex.o
                0x08002968                HAL_TIMEx_MasterConfigSynchronization
 .text.HAL_TIMEx_CommutCallback
                0x080029f4        0x2 build/stm32f4xx_hal_tim_ex.o
                0x080029f4                HAL_TIMEx_CommutCallback
 .text.HAL_TIMEx_BreakCallback
                0x080029f6        0x2 build/stm32f4xx_hal_tim_ex.o
                0x080029f6                HAL_TIMEx_BreakCallback
 .text.UART_EndRxTransfer
                0x080029f8       0x5c build/stm32f4xx_hal_uart.o
 .text.UART_Transmit_IT
                0x08002a54       0x60 build/stm32f4xx_hal_uart.o
 .text.UART_SetConfig
                0x08002ab4      0x110 build/stm32f4xx_hal_uart.o
 .text.UART_WaitOnFlagUntilTimeout
                0x08002bc4       0x86 build/stm32f4xx_hal_uart.o
 .text.HAL_UART_Init
                0x08002c4a       0x60 build/stm32f4xx_hal_uart.o
                0x08002c4a                HAL_UART_Init
 .text.HAL_UART_Transmit
                0x08002caa       0xcc build/stm32f4xx_hal_uart.o
                0x08002caa                HAL_UART_Transmit
 .text.HAL_UART_TxCpltCallback
                0x08002d76        0x2 build/stm32f4xx_hal_uart.o
                0x08002d76                HAL_UART_TxCpltCallback
 .text.UART_EndTransmit_IT
                0x08002d78       0x1a build/stm32f4xx_hal_uart.o
 .text.HAL_UART_ErrorCallback
                0x08002d92        0x2 build/stm32f4xx_hal_uart.o
                0x08002d92                HAL_UART_ErrorCallback
 .text.UART_DMAAbortOnError
                0x08002d94       0x10 build/stm32f4xx_hal_uart.o
 .text.HAL_UARTEx_RxEventCallback
                0x08002da4        0x2 build/stm32f4xx_hal_uart.o
                0x08002da4                HAL_UARTEx_RxEventCallback
 .text.UART_Receive_IT
                0x08002da6       0xe6 build/stm32f4xx_hal_uart.o
 .text.HAL_UART_IRQHandler
                0x08002e8c      0x284 build/stm32f4xx_hal_uart.o
                0x08002e8c                HAL_UART_IRQHandler
 .text.UART_Start_Receive_IT
                0x08003110       0x36 build/stm32f4xx_hal_uart.o
                0x08003110                UART_Start_Receive_IT
 .text.HAL_UART_Receive_IT
                0x08003146       0x26 build/stm32f4xx_hal_uart.o
                0x08003146                HAL_UART_Receive_IT
 .text.Reset_Handler
                0x0800316c       0x50 build/startup_stm32f405xx.o
                0x0800316c                Reset_Handler
 .text.Default_Handler
                0x080031bc        0x2 build/startup_stm32f405xx.o
                0x080031bc                RTC_Alarm_IRQHandler
                0x080031bc                HASH_RNG_IRQHandler
                0x080031bc                EXTI2_IRQHandler
                0x080031bc                TIM8_CC_IRQHandler
                0x080031bc                TIM1_CC_IRQHandler
                0x080031bc                DMA2_Stream5_IRQHandler
                0x080031bc                DMA1_Stream5_IRQHandler
                0x080031bc                PVD_IRQHandler
                0x080031bc                SDIO_IRQHandler
                0x080031bc                TAMP_STAMP_IRQHandler
                0x080031bc                CAN2_RX1_IRQHandler
                0x080031bc                EXTI3_IRQHandler
                0x080031bc                TIM8_TRG_COM_TIM14_IRQHandler
                0x080031bc                TIM1_UP_TIM10_IRQHandler
                0x080031bc                TIM8_UP_TIM13_IRQHandler
                0x080031bc                I2C3_ER_IRQHandler
                0x080031bc                I2C2_EV_IRQHandler
                0x080031bc                DMA1_Stream2_IRQHandler
                0x080031bc                FPU_IRQHandler
                0x080031bc                OTG_HS_WKUP_IRQHandler
                0x080031bc                CAN2_SCE_IRQHandler
                0x080031bc                DMA2_Stream2_IRQHandler
                0x080031bc                SPI1_IRQHandler
                0x080031bc                TIM6_DAC_IRQHandler
                0x080031bc                TIM1_BRK_TIM9_IRQHandler
                0x080031bc                DMA2_Stream3_IRQHandler
                0x080031bc                USART6_IRQHandler
                0x080031bc                CAN1_RX1_IRQHandler
                0x080031bc                UART5_IRQHandler
                0x080031bc                DMA2_Stream0_IRQHandler
                0x080031bc                TIM4_IRQHandler
                0x080031bc                I2C1_EV_IRQHandler
                0x080031bc                DMA1_Stream6_IRQHandler
                0x080031bc                DMA1_Stream1_IRQHandler
                0x080031bc                UART4_IRQHandler
                0x080031bc                TIM3_IRQHandler
                0x080031bc                RCC_IRQHandler
                0x080031bc                TIM8_BRK_TIM12_IRQHandler
                0x080031bc                Default_Handler
                0x080031bc                EXTI15_10_IRQHandler
                0x080031bc                ADC_IRQHandler
                0x080031bc                DMA1_Stream7_IRQHandler
                0x080031bc                TIM7_IRQHandler
                0x080031bc                CAN2_TX_IRQHandler
                0x080031bc                TIM5_IRQHandler
                0x080031bc                DMA2_Stream7_IRQHandler
                0x080031bc                I2C3_EV_IRQHandler
                0x080031bc                EXTI9_5_IRQHandler
                0x080031bc                RTC_WKUP_IRQHandler
                0x080031bc                SPI2_IRQHandler
                0x080031bc                OTG_HS_EP1_IN_IRQHandler
                0x080031bc                DMA1_Stream0_IRQHandler
                0x080031bc                CAN1_TX_IRQHandler
                0x080031bc                EXTI4_IRQHandler
                0x080031bc                FSMC_IRQHandler
                0x080031bc                OTG_HS_EP1_OUT_IRQHandler
                0x080031bc                WWDG_IRQHandler
                0x080031bc                OTG_FS_WKUP_IRQHandler
                0x080031bc                TIM1_TRG_COM_TIM11_IRQHandler
                0x080031bc                OTG_HS_IRQHandler
                0x080031bc                EXTI1_IRQHandler
                0x080031bc                USART2_IRQHandler
                0x080031bc                I2C2_ER_IRQHandler
                0x080031bc                DMA2_Stream1_IRQHandler
                0x080031bc                CAN1_SCE_IRQHandler
                0x080031bc                FLASH_IRQHandler
                0x080031bc                DMA2_Stream4_IRQHandler
                0x080031bc                USART1_IRQHandler
                0x080031bc                OTG_FS_IRQHandler
                0x080031bc                SPI3_IRQHandler
                0x080031bc                DMA1_Stream4_IRQHandler
                0x080031bc                I2C1_ER_IRQHandler
                0x080031bc                DMA2_Stream6_IRQHandler
                0x080031bc                DMA1_Stream3_IRQHandler
 *fill*         0x080031be        0x2 
 .text.sprintf  0x080031c0       0x40 c:/Users/PC/AppData/Roaming/Code/User/globalStorage/bmd.stm32-for-vscode/@xpack-dev-tools/arm-none-eabi-gcc/13.2.1-1.1.1/.content/bin/../lib/gcc/arm-none-eabi/13.2.1/../../../../arm-none-eabi/lib/thumb/v7e-m+fp/hard\libc_nano.a(libc_a-sprintf.o)
                0x080031c0                siprintf
                0x080031c0                sprintf
 .text.memset   0x08003200       0x10 c:/Users/PC/AppData/Roaming/Code/User/globalStorage/bmd.stm32-for-vscode/@xpack-dev-tools/arm-none-eabi-gcc/13.2.1-1.1.1/.content/bin/../lib/gcc/arm-none-eabi/13.2.1/../../../../arm-none-eabi/lib/thumb/v7e-m+fp/hard\libc_nano.a(libc_a-memset.o)
                0x08003200                memset
 .text.__errno  0x08003210        0xc c:/Users/PC/AppData/Roaming/Code/User/globalStorage/bmd.stm32-for-vscode/@xpack-dev-tools/arm-none-eabi-gcc/13.2.1-1.1.1/.content/bin/../lib/gcc/arm-none-eabi/13.2.1/../../../../arm-none-eabi/lib/thumb/v7e-m+fp/hard\libc_nano.a(libc_a-errno.o)
                0x08003210                __errno
 .text.__libc_init_array
                0x0800321c       0x48 c:/Users/PC/AppData/Roaming/Code/User/globalStorage/bmd.stm32-for-vscode/@xpack-dev-tools/arm-none-eabi-gcc/13.2.1-1.1.1/.content/bin/../lib/gcc/arm-none-eabi/13.2.1/../../../../arm-none-eabi/lib/thumb/v7e-m+fp/hard\libc_nano.a(libc_a-init.o)
                0x0800321c                __libc_init_array
 .text.__retarget_lock_acquire_recursive
                0x08003264        0x2 c:/Users/PC/AppData/Roaming/Code/User/globalStorage/bmd.stm32-for-vscode/@xpack-dev-tools/arm-none-eabi-gcc/13.2.1-1.1.1/.content/bin/../lib/gcc/arm-none-eabi/13.2.1/../../../../arm-none-eabi/lib/thumb/v7e-m+fp/hard\libc_nano.a(libc_a-lock.o)
                0x08003264                __retarget_lock_acquire_recursive
 .text.__retarget_lock_release_recursive
                0x08003266        0x2 c:/Users/PC/AppData/Roaming/Code/User/globalStorage/bmd.stm32-for-vscode/@xpack-dev-tools/arm-none-eabi-gcc/13.2.1-1.1.1/.content/bin/../lib/gcc/arm-none-eabi/13.2.1/../../../../arm-none-eabi/lib/thumb/v7e-m+fp/hard\libc_nano.a(libc_a-lock.o)
                0x08003266                __retarget_lock_release_recursive
 .text._free_r  0x08003268       0x94 c:/Users/PC/AppData/Roaming/Code/User/globalStorage/bmd.stm32-for-vscode/@xpack-dev-tools/arm-none-eabi-gcc/13.2.1-1.1.1/.content/bin/../lib/gcc/arm-none-eabi/13.2.1/../../../../arm-none-eabi/lib/thumb/v7e-m+fp/hard\libc_nano.a(libc_a-freer.o)
                0x08003268                _free_r
 .text.sbrk_aligned
                0x080032fc       0x44 c:/Users/PC/AppData/Roaming/Code/User/globalStorage/bmd.stm32-for-vscode/@xpack-dev-tools/arm-none-eabi-gcc/13.2.1-1.1.1/.content/bin/../lib/gcc/arm-none-eabi/13.2.1/../../../../arm-none-eabi/lib/thumb/v7e-m+fp/hard\libc_nano.a(libc_a-mallocr.o)
 .text._malloc_r
                0x08003340      0x100 c:/Users/PC/AppData/Roaming/Code/User/globalStorage/bmd.stm32-for-vscode/@xpack-dev-tools/arm-none-eabi-gcc/13.2.1-1.1.1/.content/bin/../lib/gcc/arm-none-eabi/13.2.1/../../../../arm-none-eabi/lib/thumb/v7e-m+fp/hard\libc_nano.a(libc_a-mallocr.o)
                0x08003340                _malloc_r
 .text.__malloc_lock
                0x08003440        0xc c:/Users/PC/AppData/Roaming/Code/User/globalStorage/bmd.stm32-for-vscode/@xpack-dev-tools/arm-none-eabi-gcc/13.2.1-1.1.1/.content/bin/../lib/gcc/arm-none-eabi/13.2.1/../../../../arm-none-eabi/lib/thumb/v7e-m+fp/hard\libc_nano.a(libc_a-mlock.o)
                0x08003440                __malloc_lock
 .text.__malloc_unlock
                0x0800344c        0xc c:/Users/PC/AppData/Roaming/Code/User/globalStorage/bmd.stm32-for-vscode/@xpack-dev-tools/arm-none-eabi-gcc/13.2.1-1.1.1/.content/bin/../lib/gcc/arm-none-eabi/13.2.1/../../../../arm-none-eabi/lib/thumb/v7e-m+fp/hard\libc_nano.a(libc_a-mlock.o)
                0x0800344c                __malloc_unlock
 .text.__ssputs_r
                0x08003458       0xb6 c:/Users/PC/AppData/Roaming/Code/User/globalStorage/bmd.stm32-for-vscode/@xpack-dev-tools/arm-none-eabi-gcc/13.2.1-1.1.1/.content/bin/../lib/gcc/arm-none-eabi/13.2.1/../../../../arm-none-eabi/lib/thumb/v7e-m+fp/hard\libc_nano.a(libc_a-nano-svfprintf.o)
                0x08003458                __ssputs_r
 *fill*         0x0800350e        0x2 
 .text._svfprintf_r
                0x08003510      0x1f8 c:/Users/PC/AppData/Roaming/Code/User/globalStorage/bmd.stm32-for-vscode/@xpack-dev-tools/arm-none-eabi-gcc/13.2.1-1.1.1/.content/bin/../lib/gcc/arm-none-eabi/13.2.1/../../../../arm-none-eabi/lib/thumb/v7e-m+fp/hard\libc_nano.a(libc_a-nano-svfprintf.o)
                0x08003510                _svfiprintf_r
                0x08003510                _svfprintf_r
 .text._printf_common
                0x08003708       0xda c:/Users/PC/AppData/Roaming/Code/User/globalStorage/bmd.stm32-for-vscode/@xpack-dev-tools/arm-none-eabi-gcc/13.2.1-1.1.1/.content/bin/../lib/gcc/arm-none-eabi/13.2.1/../../../../arm-none-eabi/lib/thumb/v7e-m+fp/hard\libc_nano.a(libc_a-nano-vfprintf_i.o)
                0x08003708                _printf_common
 *fill*         0x080037e2        0x2 
 .text._printf_i
                0x080037e4      0x23c c:/Users/PC/AppData/Roaming/Code/User/globalStorage/bmd.stm32-for-vscode/@xpack-dev-tools/arm-none-eabi-gcc/13.2.1-1.1.1/.content/bin/../lib/gcc/arm-none-eabi/13.2.1/../../../../arm-none-eabi/lib/thumb/v7e-m+fp/hard\libc_nano.a(libc_a-nano-vfprintf_i.o)
                0x080037e4                _printf_i
 .text.memmove  0x08003a20       0x34 c:/Users/PC/AppData/Roaming/Code/User/globalStorage/bmd.stm32-for-vscode/@xpack-dev-tools/arm-none-eabi-gcc/13.2.1-1.1.1/.content/bin/../lib/gcc/arm-none-eabi/13.2.1/../../../../arm-none-eabi/lib/thumb/v7e-m+fp/hard\libc_nano.a(libc_a-memmove.o)
                0x08003a20                memmove
 .text._sbrk_r  0x08003a54       0x20 c:/Users/PC/AppData/Roaming/Code/User/globalStorage/bmd.stm32-for-vscode/@xpack-dev-tools/arm-none-eabi-gcc/13.2.1-1.1.1/.content/bin/../lib/gcc/arm-none-eabi/13.2.1/../../../../arm-none-eabi/lib/thumb/v7e-m+fp/hard\libc_nano.a(libc_a-sbrkr.o)
                0x08003a54                _sbrk_r
 .text.memcpy   0x08003a74       0x1c c:/Users/PC/AppData/Roaming/Code/User/globalStorage/bmd.stm32-for-vscode/@xpack-dev-tools/arm-none-eabi-gcc/13.2.1-1.1.1/.content/bin/../lib/gcc/arm-none-eabi/13.2.1/../../../../arm-none-eabi/lib/thumb/v7e-m+fp/hard\libc_nano.a(libc_a-memcpy-stub.o)
                0x08003a74                memcpy
 .text._realloc_r
                0x08003a90       0x5c c:/Users/PC/AppData/Roaming/Code/User/globalStorage/bmd.stm32-for-vscode/@xpack-dev-tools/arm-none-eabi-gcc/13.2.1-1.1.1/.content/bin/../lib/gcc/arm-none-eabi/13.2.1/../../../../arm-none-eabi/lib/thumb/v7e-m+fp/hard\libc_nano.a(libc_a-reallocr.o)
                0x08003a90                _realloc_r
 .text._malloc_usable_size_r
                0x08003aec       0x10 c:/Users/PC/AppData/Roaming/Code/User/globalStorage/bmd.stm32-for-vscode/@xpack-dev-tools/arm-none-eabi-gcc/13.2.1-1.1.1/.content/bin/../lib/gcc/arm-none-eabi/13.2.1/../../../../arm-none-eabi/lib/thumb/v7e-m+fp/hard\libc_nano.a(libc_a-msizer.o)
                0x08003aec                _malloc_usable_size_r
 .text.__udivmoddi4
                0x08003afc      0x2bc c:/Users/PC/AppData/Roaming/Code/User/globalStorage/bmd.stm32-for-vscode/@xpack-dev-tools/arm-none-eabi-gcc/13.2.1-1.1.1/.content/bin/../lib/gcc/arm-none-eabi/13.2.1/thumb/v7e-m+fp/hard\libgcc.a(_udivmoddi4.o)
                0x08003afc                __udivmoddi4
 *(.glue_7)
 .glue_7        0x08003db8        0x0 linker stubs
 *(.glue_7t)
 .glue_7t       0x08003db8        0x0 linker stubs
 *(.eh_frame)
 .eh_frame      0x08003db8        0x0 c:/Users/PC/AppData/Roaming/Code/User/globalStorage/bmd.stm32-for-vscode/@xpack-dev-tools/arm-none-eabi-gcc/13.2.1-1.1.1/.content/bin/../lib/gcc/arm-none-eabi/13.2.1/thumb/v7e-m+fp/hard/crtbegin.o
 *(.init)
 .init          0x08003db8        0x4 c:/Users/PC/AppData/Roaming/Code/User/globalStorage/bmd.stm32-for-vscode/@xpack-dev-tools/arm-none-eabi-gcc/13.2.1-1.1.1/.content/bin/../lib/gcc/arm-none-eabi/13.2.1/thumb/v7e-m+fp/hard/crti.o
                0x08003db8                _init
 .init          0x08003dbc        0x8 c:/Users/PC/AppData/Roaming/Code/User/globalStorage/bmd.stm32-for-vscode/@xpack-dev-tools/arm-none-eabi-gcc/13.2.1-1.1.1/.content/bin/../lib/gcc/arm-none-eabi/13.2.1/thumb/v7e-m+fp/hard/crtn.o
 *(.fini)
 .fini          0x08003dc4        0x4 c:/Users/PC/AppData/Roaming/Code/User/globalStorage/bmd.stm32-for-vscode/@xpack-dev-tools/arm-none-eabi-gcc/13.2.1-1.1.1/.content/bin/../lib/gcc/arm-none-eabi/13.2.1/thumb/v7e-m+fp/hard/crti.o
                0x08003dc4                _fini
 .fini          0x08003dc8        0x8 c:/Users/PC/AppData/Roaming/Code/User/globalStorage/bmd.stm32-for-vscode/@xpack-dev-tools/arm-none-eabi-gcc/13.2.1-1.1.1/.content/bin/../lib/gcc/arm-none-eabi/13.2.1/thumb/v7e-m+fp/hard/crtn.o
                0x08003dd0                        . = ALIGN (0x4)
                0x08003dd0                        _etext = .

.vfp11_veneer   0x08003dd0        0x0
 .vfp11_veneer  0x08003dd0        0x0 linker stubs

.v4_bx          0x08003dd0        0x0
 .v4_bx         0x08003dd0        0x0 linker stubs

.iplt           0x08003dd0        0x0
 .iplt          0x08003dd0        0x0 c:/Users/PC/AppData/Roaming/Code/User/globalStorage/bmd.stm32-for-vscode/@xpack-dev-tools/arm-none-eabi-gcc/13.2.1-1.1.1/.content/bin/../lib/gcc/arm-none-eabi/13.2.1/thumb/v7e-m+fp/hard/crtbegin.o

.rodata         0x08003dd0      0x15c
                0x08003dd0                        . = ALIGN (0x4)
 *(.rodata)
 *(.rodata*)
 .rodata.CAN1_Send.str1.4
                0x08003dd0      0x10f build/UDS.o
                                 0x11 (size before relaxing)
 .rodata.checkFormat.str1.4
                0x08003edf       0x14 build/UDS.o
 .rodata.UART_ReadString.str1.4
                0x08003edf        0xf build/UDS.o
 .rodata.SID27_Practice.str1.4
                0x08003edf       0x2a build/UDS.o
 .rodata.HAL_TIM_PeriodElapsedCallback.str1.4
                0x08003edf       0x3e build/UDS.o
 .rodata.PrintCANLog.str1.4
                0x08003edf       0x25 build/main.o
 .rodata.Error_Handler.str1.4
                0x08003edf        0x6 build/main.o
 .rodata.main.str1.4
                0x08003edf       0x3b build/main.o
 *fill*         0x08003edf        0x1 
 .rodata.APBPrescTable
                0x08003ee0        0x8 build/system_stm32f4xx.o
                0x08003ee0                APBPrescTable
 .rodata.AHBPrescTable
                0x08003ee8       0x10 build/system_stm32f4xx.o
                0x08003ee8                AHBPrescTable
 .rodata._svfprintf_r.str1.1
                0x08003ef8       0x33 c:/Users/PC/AppData/Roaming/Code/User/globalStorage/bmd.stm32-for-vscode/@xpack-dev-tools/arm-none-eabi-gcc/13.2.1-1.1.1/.content/bin/../lib/gcc/arm-none-eabi/13.2.1/../../../../arm-none-eabi/lib/thumb/v7e-m+fp/hard\libc_nano.a(libc_a-nano-svfprintf.o)
                                 0x11 (size before relaxing)
 .rodata._printf_i.str1.1
                0x08003f2b       0x22 c:/Users/PC/AppData/Roaming/Code/User/globalStorage/bmd.stm32-for-vscode/@xpack-dev-tools/arm-none-eabi-gcc/13.2.1-1.1.1/.content/bin/../lib/gcc/arm-none-eabi/13.2.1/../../../../arm-none-eabi/lib/thumb/v7e-m+fp/hard\libc_nano.a(libc_a-nano-vfprintf_i.o)
                0x08003f50                        . = ALIGN (0x4)
 *fill*         0x08003f2b        0x1 

.ARM.extab
 *(.ARM.extab* .gnu.linkonce.armextab.*)

.ARM            0x08003f2c        0x8
                0x08003f2c                        __exidx_start = .
 *(.ARM.exidx*)
 .ARM.exidx     0x08003f2c        0x8 c:/Users/PC/AppData/Roaming/Code/User/globalStorage/bmd.stm32-for-vscode/@xpack-dev-tools/arm-none-eabi-gcc/13.2.1-1.1.1/.content/bin/../lib/gcc/arm-none-eabi/13.2.1/../../../../arm-none-eabi/lib/thumb/v7e-m+fp/hard\libc_nano.a(libc_a-memchr.o)
 .ARM.exidx.text.__udivmoddi4
                0x08003f34        0x0 c:/Users/PC/AppData/Roaming/Code/User/globalStorage/bmd.stm32-for-vscode/@xpack-dev-tools/arm-none-eabi-gcc/13.2.1-1.1.1/.content/bin/../lib/gcc/arm-none-eabi/13.2.1/thumb/v7e-m+fp/hard\libgcc.a(_udivmoddi4.o)
                                  0x8 (size before relaxing)
                0x08003f34                        __exidx_end = .

.rel.dyn        0x08003f34        0x0
 .rel.iplt      0x08003f34        0x0 c:/Users/PC/AppData/Roaming/Code/User/globalStorage/bmd.stm32-for-vscode/@xpack-dev-tools/arm-none-eabi-gcc/13.2.1-1.1.1/.content/bin/../lib/gcc/arm-none-eabi/13.2.1/thumb/v7e-m+fp/hard/crtbegin.o

.preinit_array  0x08003f34        0x0
                0x08003f34                        PROVIDE (__preinit_array_start = .)
 *(.preinit_array*)
                0x08003f34                        PROVIDE (__preinit_array_end = .)

.init_array     0x08003f34        0x4
                0x08003f34                        PROVIDE (__init_array_start = .)
 *(SORT_BY_NAME(.init_array.*))
 *(.init_array*)
 .init_array    0x08003f34        0x4 c:/Users/PC/AppData/Roaming/Code/User/globalStorage/bmd.stm32-for-vscode/@xpack-dev-tools/arm-none-eabi-gcc/13.2.1-1.1.1/.content/bin/../lib/gcc/arm-none-eabi/13.2.1/thumb/v7e-m+fp/hard/crtbegin.o
                0x08003f38                        PROVIDE (__init_array_end = .)

.fini_array     0x08003f38        0x4
                0x08003f38                        PROVIDE (__fini_array_start = .)
 *(SORT_BY_NAME(.fini_array.*))
 *(.fini_array*)
 .fini_array    0x08003f38        0x4 c:/Users/PC/AppData/Roaming/Code/User/globalStorage/bmd.stm32-for-vscode/@xpack-dev-tools/arm-none-eabi-gcc/13.2.1-1.1.1/.content/bin/../lib/gcc/arm-none-eabi/13.2.1/thumb/v7e-m+fp/hard/crtbegin.o
                0x08003f3c                        PROVIDE (__fini_array_end = .)
                0x08003f3c                        _sidata = LOADADDR (.data)

.data           0x20000000       0x80 load address 0x08003f3c
                0x20000000                        . = ALIGN (0x4)
                0x20000000                        _sdata = .
 *(.data)
 *(.data*)
 .data.Seed     0x20000000        0x4 build/UDS.o
                0x20000000                Seed
 .data.bufsend  0x20000004       0x1e build/main.o
                0x20000004                bufsend
 *fill*         0x20000022        0x2 
 .data.SystemCoreClock
                0x20000024        0x4 build/system_stm32f4xx.o
                0x20000024                SystemCoreClock
 .data.uwTickFreq
                0x20000028        0x1 build/stm32f4xx_hal.o
                0x20000028                uwTickFreq
 *fill*         0x20000029        0x3 
 .data.uwTickPrio
                0x2000002c        0x4 build/stm32f4xx_hal.o
                0x2000002c                uwTickPrio
 .data._impure_ptr
                0x20000030        0x4 c:/Users/PC/AppData/Roaming/Code/User/globalStorage/bmd.stm32-for-vscode/@xpack-dev-tools/arm-none-eabi-gcc/13.2.1-1.1.1/.content/bin/../lib/gcc/arm-none-eabi/13.2.1/../../../../arm-none-eabi/lib/thumb/v7e-m+fp/hard\libc_nano.a(libc_a-impure.o)
                0x20000030                _impure_ptr
 .data._impure_data
                0x20000034       0x4c c:/Users/PC/AppData/Roaming/Code/User/globalStorage/bmd.stm32-for-vscode/@xpack-dev-tools/arm-none-eabi-gcc/13.2.1-1.1.1/.content/bin/../lib/gcc/arm-none-eabi/13.2.1/../../../../arm-none-eabi/lib/thumb/v7e-m+fp/hard\libc_nano.a(libc_a-impure.o)
                0x20000034                _impure_data
                0x20000080                        . = ALIGN (0x4)
                0x20000080                        _edata = .
                0x08003fbc                        _siccmram = LOADADDR (.ccmram)

.igot.plt       0x20000080        0x0 load address 0x08003fbc
 .igot.plt      0x20000080        0x0 c:/Users/PC/AppData/Roaming/Code/User/globalStorage/bmd.stm32-for-vscode/@xpack-dev-tools/arm-none-eabi-gcc/13.2.1-1.1.1/.content/bin/../lib/gcc/arm-none-eabi/13.2.1/thumb/v7e-m+fp/hard/crtbegin.o

.ccmram         0x10000000        0x0 load address 0x08003fbc
                0x10000000                        . = ALIGN (0x4)
                0x10000000                        _sccmram = .
 *(.ccmram)
 *(.ccmram*)
                0x10000000                        . = ALIGN (0x4)
                0x10000000                        _eccmram = .
                0x10000000                        . = ALIGN (0x4)

.bss            0x20000080     0x1350
                0x20000080                        _sbss = .
                0x20000080                        __bss_start__ = _sbss
 *(.bss)
 *(.bss*)
 .bss.completed.1
                0x20000080        0x1 c:/Users/PC/AppData/Roaming/Code/User/globalStorage/bmd.stm32-for-vscode/@xpack-dev-tools/arm-none-eabi-gcc/13.2.1-1.1.1/.content/bin/../lib/gcc/arm-none-eabi/13.2.1/thumb/v7e-m+fp/hard/crtbegin.o
 *fill*         0x20000081        0x3 
 .bss.object.0  0x20000084       0x18 c:/Users/PC/AppData/Roaming/Code/User/globalStorage/bmd.stm32-for-vscode/@xpack-dev-tools/arm-none-eabi-gcc/13.2.1-1.1.1/.content/bin/../lib/gcc/arm-none-eabi/13.2.1/thumb/v7e-m+fp/hard/crtbegin.o
 .bss.newStdId  0x2000009c        0x2 build/UDS.o
                0x2000009c                newStdId
 *fill*         0x2000009e        0x2 
 .bss.count_up  0x200000a0        0x4 build/UDS.o
                0x200000a0                count_up
 .bss.flag_Waiting
                0x200000a4        0x1 build/UDS.o
                0x200000a4                flag_Waiting
 .bss.flag_WrongKey
                0x200000a5        0x1 build/UDS.o
                0x200000a5                flag_WrongKey
 .bss.flag_SecurityUnlocked
                0x200000a6        0x1 build/UDS.o
                0x200000a6                flag_SecurityUnlocked
 .bss.flag_SeedProvided
                0x200000a7        0x1 build/UDS.o
                0x200000a7                flag_SeedProvided
 .bss.Key       0x200000a8        0x4 build/UDS.o
                0x200000a8                Key
 .bss.TimeStamp
                0x200000ac        0x4 build/main.o
                0x200000ac                TimeStamp
 .bss.flag_CAN2_Received
                0x200000b0        0x1 build/main.o
                0x200000b0                flag_CAN2_Received
 .bss.flag_CAN1_Received
                0x200000b1        0x1 build/main.o
                0x200000b1                flag_CAN1_Received
 *fill*         0x200000b2        0x2 
 .bss.CAN2_DATA_RX
                0x200000b4        0x8 build/main.o
                0x200000b4                CAN2_DATA_RX
 .bss.CAN2_DATA_TX
                0x200000bc        0x8 build/main.o
                0x200000bc                CAN2_DATA_TX
 .bss.CAN1_DATA_RX
                0x200000c4        0x8 build/main.o
                0x200000c4                CAN1_DATA_RX
 .bss.CAN1_DATA_TX
                0x200000cc        0x8 build/main.o
                0x200000cc                CAN1_DATA_TX
 .bss.REQ_1BYTE_DATA
                0x200000d4        0x1 build/main.o
                0x200000d4                REQ_1BYTE_DATA
 *fill*         0x200000d5        0x3 
 .bss.REQ_BUFFER
                0x200000d8     0x1000 build/main.o
                0x200000d8                REQ_BUFFER
 .bss.NumBytesReq
                0x200010d8        0x2 build/main.o
                0x200010d8                NumBytesReq
 *fill*         0x200010da        0x2 
 .bss.CAN2_pTxMailbox
                0x200010dc        0x4 build/main.o
                0x200010dc                CAN2_pTxMailbox
 .bss.CAN1_pTxMailbox
                0x200010e0        0x4 build/main.o
                0x200010e0                CAN1_pTxMailbox
 .bss.CAN2_sFilterConfig
                0x200010e4       0x28 build/main.o
                0x200010e4                CAN2_sFilterConfig
 .bss.CAN2_pHeaderRx
                0x2000110c       0x1c build/main.o
                0x2000110c                CAN2_pHeaderRx
 .bss.CAN2_pHeader
                0x20001128       0x18 build/main.o
                0x20001128                CAN2_pHeader
 .bss.CAN1_sFilterConfig
                0x20001140       0x28 build/main.o
                0x20001140                CAN1_sFilterConfig
 .bss.CAN1_pHeaderRx
                0x20001168       0x1c build/main.o
                0x20001168                CAN1_pHeaderRx
 .bss.CAN1_pHeader
                0x20001184       0x18 build/main.o
                0x20001184                CAN1_pHeader
 .bss.huart3    0x2000119c       0x48 build/main.o
                0x2000119c                huart3
 .bss.htim2     0x200011e4       0x48 build/main.o
                0x200011e4                htim2
 .bss.hcan2     0x2000122c       0x28 build/main.o
                0x2000122c                hcan2
 .bss.hcan1     0x20001254       0x28 build/main.o
                0x20001254                hcan1
 .bss.HAL_RCC_CAN1_CLK_ENABLED
                0x2000127c        0x4 build/stm32f4xx_hal_msp.o
 .bss.__sbrk_heap_end
                0x20001280        0x4 build/sysmem.o
 .bss.uwTick    0x20001284        0x4 build/stm32f4xx_hal.o
                0x20001284                uwTick
 .bss.__sf      0x20001288      0x138 c:/Users/PC/AppData/Roaming/Code/User/globalStorage/bmd.stm32-for-vscode/@xpack-dev-tools/arm-none-eabi-gcc/13.2.1-1.1.1/.content/bin/../lib/gcc/arm-none-eabi/13.2.1/../../../../arm-none-eabi/lib/thumb/v7e-m+fp/hard\libc_nano.a(libc_a-findfp.o)
                0x20001288                __sf
 .bss.errno     0x200013c0        0x4 c:/Users/PC/AppData/Roaming/Code/User/globalStorage/bmd.stm32-for-vscode/@xpack-dev-tools/arm-none-eabi-gcc/13.2.1-1.1.1/.content/bin/../lib/gcc/arm-none-eabi/13.2.1/../../../../arm-none-eabi/lib/thumb/v7e-m+fp/hard\libc_nano.a(libc_a-reent.o)
                0x200013c0                errno
 .bss.__lock___malloc_recursive_mutex
                0x200013c4        0x1 c:/Users/PC/AppData/Roaming/Code/User/globalStorage/bmd.stm32-for-vscode/@xpack-dev-tools/arm-none-eabi-gcc/13.2.1-1.1.1/.content/bin/../lib/gcc/arm-none-eabi/13.2.1/../../../../arm-none-eabi/lib/thumb/v7e-m+fp/hard\libc_nano.a(libc_a-lock.o)
                0x200013c4                __lock___malloc_recursive_mutex
 *fill*         0x200013c5        0x3 
 .bss.__malloc_sbrk_start
                0x200013c8        0x4 c:/Users/PC/AppData/Roaming/Code/User/globalStorage/bmd.stm32-for-vscode/@xpack-dev-tools/arm-none-eabi-gcc/13.2.1-1.1.1/.content/bin/../lib/gcc/arm-none-eabi/13.2.1/../../../../arm-none-eabi/lib/thumb/v7e-m+fp/hard\libc_nano.a(libc_a-mallocr.o)
                0x200013c8                __malloc_sbrk_start
 .bss.__malloc_free_list
                0x200013cc        0x4 c:/Users/PC/AppData/Roaming/Code/User/globalStorage/bmd.stm32-for-vscode/@xpack-dev-tools/arm-none-eabi-gcc/13.2.1-1.1.1/.content/bin/../lib/gcc/arm-none-eabi/13.2.1/../../../../arm-none-eabi/lib/thumb/v7e-m+fp/hard\libc_nano.a(libc_a-mallocr.o)
                0x200013cc                __malloc_free_list
 *(COMMON)
                0x200013d0                        . = ALIGN (0x4)
                0x200013d0                        _ebss = .
                0x200013d0                        __bss_end__ = _ebss

._user_heap_stack
                0x200013d0      0x600
                0x200013d0                        . = ALIGN (0x8)
                [!provide]                        PROVIDE (end = .)
                0x200013d0                        PROVIDE (_end = .)
                0x200015d0                        . = (. + _Min_Heap_Size)
 *fill*         0x200013d0      0x200 
                0x200019d0                        . = (. + _Min_Stack_Size)
 *fill*         0x200015d0      0x400 
                0x200019d0                        . = ALIGN (0x8)

/DISCARD/
 libc.a(*)
 libm.a(*)
 libgcc.a(*)

.ARM.attributes
                0x00000000       0x30
 *(.ARM.attributes)
 .ARM.attributes
                0x00000000       0x22 c:/Users/PC/AppData/Roaming/Code/User/globalStorage/bmd.stm32-for-vscode/@xpack-dev-tools/arm-none-eabi-gcc/13.2.1-1.1.1/.content/bin/../lib/gcc/arm-none-eabi/13.2.1/thumb/v7e-m+fp/hard/crti.o
 .ARM.attributes
                0x00000022       0x34 c:/Users/PC/AppData/Roaming/Code/User/globalStorage/bmd.stm32-for-vscode/@xpack-dev-tools/arm-none-eabi-gcc/13.2.1-1.1.1/.content/bin/../lib/gcc/arm-none-eabi/13.2.1/thumb/v7e-m+fp/hard/crtbegin.o
 .ARM.attributes
                0x00000056       0x34 build/UDS.o
 .ARM.attributes
                0x0000008a       0x34 build/main.o
 .ARM.attributes
                0x000000be       0x34 build/stm32f4xx_hal_msp.o
 .ARM.attributes
                0x000000f2       0x34 build/stm32f4xx_it.o
 .ARM.attributes
                0x00000126       0x34 build/sysmem.o
 .ARM.attributes
                0x0000015a       0x34 build/system_stm32f4xx.o
 .ARM.attributes
                0x0000018e       0x34 build/stm32f4xx_hal.o
 .ARM.attributes
                0x000001c2       0x34 build/stm32f4xx_hal_can.o
 .ARM.attributes
                0x000001f6       0x34 build/stm32f4xx_hal_cortex.o
 .ARM.attributes
                0x0000022a       0x34 build/stm32f4xx_hal_dma.o
 .ARM.attributes
                0x0000025e       0x34 build/stm32f4xx_hal_gpio.o
 .ARM.attributes
                0x00000292       0x34 build/stm32f4xx_hal_rcc.o
 .ARM.attributes
                0x000002c6       0x34 build/stm32f4xx_hal_tim.o
 .ARM.attributes
                0x000002fa       0x34 build/stm32f4xx_hal_tim_ex.o
 .ARM.attributes
                0x0000032e       0x34 build/stm32f4xx_hal_uart.o
 .ARM.attributes
                0x00000362       0x21 build/startup_stm32f405xx.o
 .ARM.attributes
                0x00000383       0x34 c:/Users/PC/AppData/Roaming/Code/User/globalStorage/bmd.stm32-for-vscode/@xpack-dev-tools/arm-none-eabi-gcc/13.2.1-1.1.1/.content/bin/../lib/gcc/arm-none-eabi/13.2.1/../../../../arm-none-eabi/lib/thumb/v7e-m+fp/hard\libc_nano.a(libc_a-findfp.o)
 .ARM.attributes
                0x000003b7       0x34 c:/Users/PC/AppData/Roaming/Code/User/globalStorage/bmd.stm32-for-vscode/@xpack-dev-tools/arm-none-eabi-gcc/13.2.1-1.1.1/.content/bin/../lib/gcc/arm-none-eabi/13.2.1/../../../../arm-none-eabi/lib/thumb/v7e-m+fp/hard\libc_nano.a(libc_a-sprintf.o)
 .ARM.attributes
                0x000003eb       0x34 c:/Users/PC/AppData/Roaming/Code/User/globalStorage/bmd.stm32-for-vscode/@xpack-dev-tools/arm-none-eabi-gcc/13.2.1-1.1.1/.content/bin/../lib/gcc/arm-none-eabi/13.2.1/../../../../arm-none-eabi/lib/thumb/v7e-m+fp/hard\libc_nano.a(libc_a-memset.o)
 .ARM.attributes
                0x0000041f       0x34 c:/Users/PC/AppData/Roaming/Code/User/globalStorage/bmd.stm32-for-vscode/@xpack-dev-tools/arm-none-eabi-gcc/13.2.1-1.1.1/.content/bin/../lib/gcc/arm-none-eabi/13.2.1/../../../../arm-none-eabi/lib/thumb/v7e-m+fp/hard\libc_nano.a(libc_a-reent.o)
 .ARM.attributes
                0x00000453       0x34 c:/Users/PC/AppData/Roaming/Code/User/globalStorage/bmd.stm32-for-vscode/@xpack-dev-tools/arm-none-eabi-gcc/13.2.1-1.1.1/.content/bin/../lib/gcc/arm-none-eabi/13.2.1/../../../../arm-none-eabi/lib/thumb/v7e-m+fp/hard\libc_nano.a(libc_a-impure.o)
 .ARM.attributes
                0x00000487       0x34 c:/Users/PC/AppData/Roaming/Code/User/globalStorage/bmd.stm32-for-vscode/@xpack-dev-tools/arm-none-eabi-gcc/13.2.1-1.1.1/.content/bin/../lib/gcc/arm-none-eabi/13.2.1/../../../../arm-none-eabi/lib/thumb/v7e-m+fp/hard\libc_nano.a(libc_a-errno.o)
 .ARM.attributes
                0x000004bb       0x34 c:/Users/PC/AppData/Roaming/Code/User/globalStorage/bmd.stm32-for-vscode/@xpack-dev-tools/arm-none-eabi-gcc/13.2.1-1.1.1/.content/bin/../lib/gcc/arm-none-eabi/13.2.1/../../../../arm-none-eabi/lib/thumb/v7e-m+fp/hard\libc_nano.a(libc_a-init.o)
 .ARM.attributes
                0x000004ef       0x34 c:/Users/PC/AppData/Roaming/Code/User/globalStorage/bmd.stm32-for-vscode/@xpack-dev-tools/arm-none-eabi-gcc/13.2.1-1.1.1/.content/bin/../lib/gcc/arm-none-eabi/13.2.1/../../../../arm-none-eabi/lib/thumb/v7e-m+fp/hard\libc_nano.a(libc_a-lock.o)
 .ARM.attributes
                0x00000523       0x34 c:/Users/PC/AppData/Roaming/Code/User/globalStorage/bmd.stm32-for-vscode/@xpack-dev-tools/arm-none-eabi-gcc/13.2.1-1.1.1/.content/bin/../lib/gcc/arm-none-eabi/13.2.1/../../../../arm-none-eabi/lib/thumb/v7e-m+fp/hard\libc_nano.a(libc_a-freer.o)
 .ARM.attributes
                0x00000557       0x34 c:/Users/PC/AppData/Roaming/Code/User/globalStorage/bmd.stm32-for-vscode/@xpack-dev-tools/arm-none-eabi-gcc/13.2.1-1.1.1/.content/bin/../lib/gcc/arm-none-eabi/13.2.1/../../../../arm-none-eabi/lib/thumb/v7e-m+fp/hard\libc_nano.a(libc_a-mallocr.o)
 .ARM.attributes
                0x0000058b       0x34 c:/Users/PC/AppData/Roaming/Code/User/globalStorage/bmd.stm32-for-vscode/@xpack-dev-tools/arm-none-eabi-gcc/13.2.1-1.1.1/.content/bin/../lib/gcc/arm-none-eabi/13.2.1/../../../../arm-none-eabi/lib/thumb/v7e-m+fp/hard\libc_nano.a(libc_a-mlock.o)
 .ARM.attributes
                0x000005bf       0x34 c:/Users/PC/AppData/Roaming/Code/User/globalStorage/bmd.stm32-for-vscode/@xpack-dev-tools/arm-none-eabi-gcc/13.2.1-1.1.1/.content/bin/../lib/gcc/arm-none-eabi/13.2.1/../../../../arm-none-eabi/lib/thumb/v7e-m+fp/hard\libc_nano.a(libc_a-nano-svfprintf.o)
 .ARM.attributes
                0x000005f3       0x34 c:/Users/PC/AppData/Roaming/Code/User/globalStorage/bmd.stm32-for-vscode/@xpack-dev-tools/arm-none-eabi-gcc/13.2.1-1.1.1/.content/bin/../lib/gcc/arm-none-eabi/13.2.1/../../../../arm-none-eabi/lib/thumb/v7e-m+fp/hard\libc_nano.a(libc_a-nano-vfprintf_i.o)
 .ARM.attributes
                0x00000627       0x34 c:/Users/PC/AppData/Roaming/Code/User/globalStorage/bmd.stm32-for-vscode/@xpack-dev-tools/arm-none-eabi-gcc/13.2.1-1.1.1/.content/bin/../lib/gcc/arm-none-eabi/13.2.1/../../../../arm-none-eabi/lib/thumb/v7e-m+fp/hard\libc_nano.a(libc_a-memmove.o)
 .ARM.attributes
                0x0000065b       0x34 c:/Users/PC/AppData/Roaming/Code/User/globalStorage/bmd.stm32-for-vscode/@xpack-dev-tools/arm-none-eabi-gcc/13.2.1-1.1.1/.content/bin/../lib/gcc/arm-none-eabi/13.2.1/../../../../arm-none-eabi/lib/thumb/v7e-m+fp/hard\libc_nano.a(libc_a-sbrkr.o)
 .ARM.attributes
                0x0000068f       0x1c c:/Users/PC/AppData/Roaming/Code/User/globalStorage/bmd.stm32-for-vscode/@xpack-dev-tools/arm-none-eabi-gcc/13.2.1-1.1.1/.content/bin/../lib/gcc/arm-none-eabi/13.2.1/../../../../arm-none-eabi/lib/thumb/v7e-m+fp/hard\libc_nano.a(libc_a-memchr.o)
 .ARM.attributes
                0x000006ab       0x34 c:/Users/PC/AppData/Roaming/Code/User/globalStorage/bmd.stm32-for-vscode/@xpack-dev-tools/arm-none-eabi-gcc/13.2.1-1.1.1/.content/bin/../lib/gcc/arm-none-eabi/13.2.1/../../../../arm-none-eabi/lib/thumb/v7e-m+fp/hard\libc_nano.a(libc_a-memcpy-stub.o)
 .ARM.attributes
                0x000006df       0x34 c:/Users/PC/AppData/Roaming/Code/User/globalStorage/bmd.stm32-for-vscode/@xpack-dev-tools/arm-none-eabi-gcc/13.2.1-1.1.1/.content/bin/../lib/gcc/arm-none-eabi/13.2.1/../../../../arm-none-eabi/lib/thumb/v7e-m+fp/hard\libc_nano.a(libc_a-reallocr.o)
 .ARM.attributes
                0x00000713       0x34 c:/Users/PC/AppData/Roaming/Code/User/globalStorage/bmd.stm32-for-vscode/@xpack-dev-tools/arm-none-eabi-gcc/13.2.1-1.1.1/.content/bin/../lib/gcc/arm-none-eabi/13.2.1/../../../../arm-none-eabi/lib/thumb/v7e-m+fp/hard\libc_nano.a(libc_a-msizer.o)
 .ARM.attributes
                0x00000747       0x22 c:/Users/PC/AppData/Roaming/Code/User/globalStorage/bmd.stm32-for-vscode/@xpack-dev-tools/arm-none-eabi-gcc/13.2.1-1.1.1/.content/bin/../lib/gcc/arm-none-eabi/13.2.1/thumb/v7e-m+fp/hard\libgcc.a(_aeabi_uldivmod.o)
 .ARM.attributes
                0x00000769       0x34 c:/Users/PC/AppData/Roaming/Code/User/globalStorage/bmd.stm32-for-vscode/@xpack-dev-tools/arm-none-eabi-gcc/13.2.1-1.1.1/.content/bin/../lib/gcc/arm-none-eabi/13.2.1/thumb/v7e-m+fp/hard\libgcc.a(_udivmoddi4.o)
 .ARM.attributes
                0x0000079d       0x22 c:/Users/PC/AppData/Roaming/Code/User/globalStorage/bmd.stm32-for-vscode/@xpack-dev-tools/arm-none-eabi-gcc/13.2.1-1.1.1/.content/bin/../lib/gcc/arm-none-eabi/13.2.1/thumb/v7e-m+fp/hard\libgcc.a(_dvmd_tls.o)
 .ARM.attributes
                0x000007bf       0x22 c:/Users/PC/AppData/Roaming/Code/User/globalStorage/bmd.stm32-for-vscode/@xpack-dev-tools/arm-none-eabi-gcc/13.2.1-1.1.1/.content/bin/../lib/gcc/arm-none-eabi/13.2.1/thumb/v7e-m+fp/hard/crtn.o
OUTPUT(build/BEA_CAN2CAN_DEMO_TEN1HC_HUST.elf elf32-littlearm)
LOAD linker stubs
LOAD c:/Users/PC/AppData/Roaming/Code/User/globalStorage/bmd.stm32-for-vscode/@xpack-dev-tools/arm-none-eabi-gcc/13.2.1-1.1.1/.content/bin/../lib/gcc/arm-none-eabi/13.2.1/../../../../arm-none-eabi/lib/thumb/v7e-m+fp/hard\libc.a
LOAD c:/Users/PC/AppData/Roaming/Code/User/globalStorage/bmd.stm32-for-vscode/@xpack-dev-tools/arm-none-eabi-gcc/13.2.1-1.1.1/.content/bin/../lib/gcc/arm-none-eabi/13.2.1/../../../../arm-none-eabi/lib/thumb/v7e-m+fp/hard\libm.a
LOAD c:/Users/PC/AppData/Roaming/Code/User/globalStorage/bmd.stm32-for-vscode/@xpack-dev-tools/arm-none-eabi-gcc/13.2.1-1.1.1/.content/bin/../lib/gcc/arm-none-eabi/13.2.1/thumb/v7e-m+fp/hard\libgcc.a

.comment        0x00000000       0x39
 .comment       0x00000000       0x39 c:/Users/PC/AppData/Roaming/Code/User/globalStorage/bmd.stm32-for-vscode/@xpack-dev-tools/arm-none-eabi-gcc/13.2.1-1.1.1/.content/bin/../lib/gcc/arm-none-eabi/13.2.1/thumb/v7e-m+fp/hard/crtbegin.o
                                 0x3a (size before relaxing)
 .comment       0x00000039       0x3a build/UDS.o
 .comment       0x00000039       0x3a build/main.o
 .comment       0x00000039       0x3a build/stm32f4xx_hal_msp.o
 .comment       0x00000039       0x3a build/stm32f4xx_it.o
 .comment       0x00000039       0x3a build/sysmem.o
 .comment       0x00000039       0x3a build/system_stm32f4xx.o
 .comment       0x00000039       0x3a build/stm32f4xx_hal.o
 .comment       0x00000039       0x3a build/stm32f4xx_hal_can.o
 .comment       0x00000039       0x3a build/stm32f4xx_hal_cortex.o
 .comment       0x00000039       0x3a build/stm32f4xx_hal_dma.o
 .comment       0x00000039       0x3a build/stm32f4xx_hal_gpio.o
 .comment       0x00000039       0x3a build/stm32f4xx_hal_rcc.o
 .comment       0x00000039       0x3a build/stm32f4xx_hal_tim.o
 .comment       0x00000039       0x3a build/stm32f4xx_hal_tim_ex.o
 .comment       0x00000039       0x3a build/stm32f4xx_hal_uart.o
 .comment       0x00000039       0x3a c:/Users/PC/AppData/Roaming/Code/User/globalStorage/bmd.stm32-for-vscode/@xpack-dev-tools/arm-none-eabi-gcc/13.2.1-1.1.1/.content/bin/../lib/gcc/arm-none-eabi/13.2.1/../../../../arm-none-eabi/lib/thumb/v7e-m+fp/hard\libc_nano.a(libc_a-findfp.o)
 .comment       0x00000039       0x3a c:/Users/PC/AppData/Roaming/Code/User/globalStorage/bmd.stm32-for-vscode/@xpack-dev-tools/arm-none-eabi-gcc/13.2.1-1.1.1/.content/bin/../lib/gcc/arm-none-eabi/13.2.1/../../../../arm-none-eabi/lib/thumb/v7e-m+fp/hard\libc_nano.a(libc_a-sprintf.o)
 .comment       0x00000039       0x3a c:/Users/PC/AppData/Roaming/Code/User/globalStorage/bmd.stm32-for-vscode/@xpack-dev-tools/arm-none-eabi-gcc/13.2.1-1.1.1/.content/bin/../lib/gcc/arm-none-eabi/13.2.1/../../../../arm-none-eabi/lib/thumb/v7e-m+fp/hard\libc_nano.a(libc_a-memset.o)
 .comment       0x00000039       0x3a c:/Users/PC/AppData/Roaming/Code/User/globalStorage/bmd.stm32-for-vscode/@xpack-dev-tools/arm-none-eabi-gcc/13.2.1-1.1.1/.content/bin/../lib/gcc/arm-none-eabi/13.2.1/../../../../arm-none-eabi/lib/thumb/v7e-m+fp/hard\libc_nano.a(libc_a-reent.o)
 .comment       0x00000039       0x3a c:/Users/PC/AppData/Roaming/Code/User/globalStorage/bmd.stm32-for-vscode/@xpack-dev-tools/arm-none-eabi-gcc/13.2.1-1.1.1/.content/bin/../lib/gcc/arm-none-eabi/13.2.1/../../../../arm-none-eabi/lib/thumb/v7e-m+fp/hard\libc_nano.a(libc_a-impure.o)
 .comment       0x00000039       0x3a c:/Users/PC/AppData/Roaming/Code/User/globalStorage/bmd.stm32-for-vscode/@xpack-dev-tools/arm-none-eabi-gcc/13.2.1-1.1.1/.content/bin/../lib/gcc/arm-none-eabi/13.2.1/../../../../arm-none-eabi/lib/thumb/v7e-m+fp/hard\libc_nano.a(libc_a-errno.o)
 .comment       0x00000039       0x3a c:/Users/PC/AppData/Roaming/Code/User/globalStorage/bmd.stm32-for-vscode/@xpack-dev-tools/arm-none-eabi-gcc/13.2.1-1.1.1/.content/bin/../lib/gcc/arm-none-eabi/13.2.1/../../../../arm-none-eabi/lib/thumb/v7e-m+fp/hard\libc_nano.a(libc_a-init.o)
 .comment       0x00000039       0x3a c:/Users/PC/AppData/Roaming/Code/User/globalStorage/bmd.stm32-for-vscode/@xpack-dev-tools/arm-none-eabi-gcc/13.2.1-1.1.1/.content/bin/../lib/gcc/arm-none-eabi/13.2.1/../../../../arm-none-eabi/lib/thumb/v7e-m+fp/hard\libc_nano.a(libc_a-lock.o)
 .comment       0x00000039       0x3a c:/Users/PC/AppData/Roaming/Code/User/globalStorage/bmd.stm32-for-vscode/@xpack-dev-tools/arm-none-eabi-gcc/13.2.1-1.1.1/.content/bin/../lib/gcc/arm-none-eabi/13.2.1/../../../../arm-none-eabi/lib/thumb/v7e-m+fp/hard\libc_nano.a(libc_a-freer.o)
 .comment       0x00000039       0x3a c:/Users/PC/AppData/Roaming/Code/User/globalStorage/bmd.stm32-for-vscode/@xpack-dev-tools/arm-none-eabi-gcc/13.2.1-1.1.1/.content/bin/../lib/gcc/arm-none-eabi/13.2.1/../../../../arm-none-eabi/lib/thumb/v7e-m+fp/hard\libc_nano.a(libc_a-mallocr.o)
 .comment       0x00000039       0x3a c:/Users/PC/AppData/Roaming/Code/User/globalStorage/bmd.stm32-for-vscode/@xpack-dev-tools/arm-none-eabi-gcc/13.2.1-1.1.1/.content/bin/../lib/gcc/arm-none-eabi/13.2.1/../../../../arm-none-eabi/lib/thumb/v7e-m+fp/hard\libc_nano.a(libc_a-mlock.o)
 .comment       0x00000039       0x3a c:/Users/PC/AppData/Roaming/Code/User/globalStorage/bmd.stm32-for-vscode/@xpack-dev-tools/arm-none-eabi-gcc/13.2.1-1.1.1/.content/bin/../lib/gcc/arm-none-eabi/13.2.1/../../../../arm-none-eabi/lib/thumb/v7e-m+fp/hard\libc_nano.a(libc_a-nano-svfprintf.o)
 .comment       0x00000039       0x3a c:/Users/PC/AppData/Roaming/Code/User/globalStorage/bmd.stm32-for-vscode/@xpack-dev-tools/arm-none-eabi-gcc/13.2.1-1.1.1/.content/bin/../lib/gcc/arm-none-eabi/13.2.1/../../../../arm-none-eabi/lib/thumb/v7e-m+fp/hard\libc_nano.a(libc_a-nano-vfprintf_i.o)
 .comment       0x00000039       0x3a c:/Users/PC/AppData/Roaming/Code/User/globalStorage/bmd.stm32-for-vscode/@xpack-dev-tools/arm-none-eabi-gcc/13.2.1-1.1.1/.content/bin/../lib/gcc/arm-none-eabi/13.2.1/../../../../arm-none-eabi/lib/thumb/v7e-m+fp/hard\libc_nano.a(libc_a-memmove.o)
 .comment       0x00000039       0x3a c:/Users/PC/AppData/Roaming/Code/User/globalStorage/bmd.stm32-for-vscode/@xpack-dev-tools/arm-none-eabi-gcc/13.2.1-1.1.1/.content/bin/../lib/gcc/arm-none-eabi/13.2.1/../../../../arm-none-eabi/lib/thumb/v7e-m+fp/hard\libc_nano.a(libc_a-sbrkr.o)
 .comment       0x00000039       0x3a c:/Users/PC/AppData/Roaming/Code/User/globalStorage/bmd.stm32-for-vscode/@xpack-dev-tools/arm-none-eabi-gcc/13.2.1-1.1.1/.content/bin/../lib/gcc/arm-none-eabi/13.2.1/../../../../arm-none-eabi/lib/thumb/v7e-m+fp/hard\libc_nano.a(libc_a-memcpy-stub.o)
 .comment       0x00000039       0x3a c:/Users/PC/AppData/Roaming/Code/User/globalStorage/bmd.stm32-for-vscode/@xpack-dev-tools/arm-none-eabi-gcc/13.2.1-1.1.1/.content/bin/../lib/gcc/arm-none-eabi/13.2.1/../../../../arm-none-eabi/lib/thumb/v7e-m+fp/hard\libc_nano.a(libc_a-reallocr.o)
 .comment       0x00000039       0x3a c:/Users/PC/AppData/Roaming/Code/User/globalStorage/bmd.stm32-for-vscode/@xpack-dev-tools/arm-none-eabi-gcc/13.2.1-1.1.1/.content/bin/../lib/gcc/arm-none-eabi/13.2.1/../../../../arm-none-eabi/lib/thumb/v7e-m+fp/hard\libc_nano.a(libc_a-msizer.o)
 .comment       0x00000039       0x3a c:/Users/PC/AppData/Roaming/Code/User/globalStorage/bmd.stm32-for-vscode/@xpack-dev-tools/arm-none-eabi-gcc/13.2.1-1.1.1/.content/bin/../lib/gcc/arm-none-eabi/13.2.1/thumb/v7e-m+fp/hard\libgcc.a(_udivmoddi4.o)

.debug_info     0x00000000    0x14aa7
 .debug_info    0x00000000     0x1662 build/UDS.o
 .debug_info    0x00001662     0x22f4 build/main.o
 .debug_info    0x00003956     0x159a build/stm32f4xx_hal_msp.o
 .debug_info    0x00004ef0      0xe87 build/stm32f4xx_it.o
 .debug_info    0x00005d77      0x171 build/sysmem.o
 .debug_info    0x00005ee8      0x527 build/system_stm32f4xx.o
 .debug_info    0x0000640f      0x9d0 build/stm32f4xx_hal.o
 .debug_info    0x00006ddf     0x11fa build/stm32f4xx_hal_can.o
 .debug_info    0x00007fd9      0xfb0 build/stm32f4xx_hal_cortex.o
 .debug_info    0x00008f89      0xad9 build/stm32f4xx_hal_dma.o
 .debug_info    0x00009a62      0x704 build/stm32f4xx_hal_gpio.o
 .debug_info    0x0000a166      0xa6f build/stm32f4xx_hal_rcc.o
 .debug_info    0x0000abd5     0x3c53 build/stm32f4xx_hal_tim.o
 .debug_info    0x0000e828     0x1aec build/stm32f4xx_hal_tim_ex.o
 .debug_info    0x00010314     0x4000 build/stm32f4xx_hal_uart.o
 .debug_info    0x00014314       0x30 build/startup_stm32f405xx.o
 .debug_info    0x00014344       0x24 c:/Users/PC/AppData/Roaming/Code/User/globalStorage/bmd.stm32-for-vscode/@xpack-dev-tools/arm-none-eabi-gcc/13.2.1-1.1.1/.content/bin/../lib/gcc/arm-none-eabi/13.2.1/thumb/v7e-m+fp/hard\libgcc.a(_aeabi_uldivmod.o)
 .debug_info    0x00014368      0x703 c:/Users/PC/AppData/Roaming/Code/User/globalStorage/bmd.stm32-for-vscode/@xpack-dev-tools/arm-none-eabi-gcc/13.2.1-1.1.1/.content/bin/../lib/gcc/arm-none-eabi/13.2.1/thumb/v7e-m+fp/hard\libgcc.a(_udivmoddi4.o)
 .debug_info    0x00014a6b       0x3c c:/Users/PC/AppData/Roaming/Code/User/globalStorage/bmd.stm32-for-vscode/@xpack-dev-tools/arm-none-eabi-gcc/13.2.1-1.1.1/.content/bin/../lib/gcc/arm-none-eabi/13.2.1/thumb/v7e-m+fp/hard\libgcc.a(_dvmd_tls.o)

.debug_abbrev   0x00000000     0x27bd
 .debug_abbrev  0x00000000      0x3ae build/UDS.o
 .debug_abbrev  0x000003ae      0x3a3 build/main.o
 .debug_abbrev  0x00000751      0x273 build/stm32f4xx_hal_msp.o
 .debug_abbrev  0x000009c4      0x24e build/stm32f4xx_it.o
 .debug_abbrev  0x00000c12       0xea build/sysmem.o
 .debug_abbrev  0x00000cfc      0x11e build/system_stm32f4xx.o
 .debug_abbrev  0x00000e1a      0x240 build/stm32f4xx_hal.o
 .debug_abbrev  0x0000105a      0x268 build/stm32f4xx_hal_can.o
 .debug_abbrev  0x000012c2      0x39c build/stm32f4xx_hal_cortex.o
 .debug_abbrev  0x0000165e      0x2c0 build/stm32f4xx_hal_dma.o
 .debug_abbrev  0x0000191e      0x202 build/stm32f4xx_hal_gpio.o
 .debug_abbrev  0x00001b20      0x2c6 build/stm32f4xx_hal_rcc.o
 .debug_abbrev  0x00001de6      0x271 build/stm32f4xx_hal_tim.o
 .debug_abbrev  0x00002057      0x26f build/stm32f4xx_hal_tim_ex.o
 .debug_abbrev  0x000022c6      0x32f build/stm32f4xx_hal_uart.o
 .debug_abbrev  0x000025f5       0x24 build/startup_stm32f405xx.o
 .debug_abbrev  0x00002619       0x14 c:/Users/PC/AppData/Roaming/Code/User/globalStorage/bmd.stm32-for-vscode/@xpack-dev-tools/arm-none-eabi-gcc/13.2.1-1.1.1/.content/bin/../lib/gcc/arm-none-eabi/13.2.1/thumb/v7e-m+fp/hard\libgcc.a(_aeabi_uldivmod.o)
 .debug_abbrev  0x0000262d      0x16a c:/Users/PC/AppData/Roaming/Code/User/globalStorage/bmd.stm32-for-vscode/@xpack-dev-tools/arm-none-eabi-gcc/13.2.1-1.1.1/.content/bin/../lib/gcc/arm-none-eabi/13.2.1/thumb/v7e-m+fp/hard\libgcc.a(_udivmoddi4.o)
 .debug_abbrev  0x00002797       0x26 c:/Users/PC/AppData/Roaming/Code/User/globalStorage/bmd.stm32-for-vscode/@xpack-dev-tools/arm-none-eabi-gcc/13.2.1-1.1.1/.content/bin/../lib/gcc/arm-none-eabi/13.2.1/thumb/v7e-m+fp/hard\libgcc.a(_dvmd_tls.o)

.debug_loclists
                0x00000000     0xab62
 .debug_loclists
                0x00000000      0x4c5 build/UDS.o
 .debug_loclists
                0x000004c5      0x13a build/main.o
 .debug_loclists
                0x000005ff      0x169 build/stm32f4xx_hal_msp.o
 .debug_loclists
                0x00000768       0x52 build/sysmem.o
 .debug_loclists
                0x000007ba       0xfa build/system_stm32f4xx.o
 .debug_loclists
                0x000008b4       0xe1 build/stm32f4xx_hal.o
 .debug_loclists
                0x00000995      0xa57 build/stm32f4xx_hal_can.o
 .debug_loclists
                0x000013ec      0x54d build/stm32f4xx_hal_cortex.o
 .debug_loclists
                0x00001939      0x88a build/stm32f4xx_hal_dma.o
 .debug_loclists
                0x000021c3      0x386 build/stm32f4xx_hal_gpio.o
 .debug_loclists
                0x00002549      0x3e5 build/stm32f4xx_hal_rcc.o
 .debug_loclists
                0x0000292e     0x37aa build/stm32f4xx_hal_tim.o
 .debug_loclists
                0x000060d8     0x13ec build/stm32f4xx_hal_tim_ex.o
 .debug_loclists
                0x000074c4     0x2c89 build/stm32f4xx_hal_uart.o
 .debug_loclists
                0x0000a14d      0xa15 c:/Users/PC/AppData/Roaming/Code/User/globalStorage/bmd.stm32-for-vscode/@xpack-dev-tools/arm-none-eabi-gcc/13.2.1-1.1.1/.content/bin/../lib/gcc/arm-none-eabi/13.2.1/thumb/v7e-m+fp/hard\libgcc.a(_udivmoddi4.o)

.debug_aranges  0x00000000      0xe88
 .debug_aranges
                0x00000000       0x88 build/UDS.o
 .debug_aranges
                0x00000088       0x98 build/main.o
 .debug_aranges
                0x00000120       0x50 build/stm32f4xx_hal_msp.o
 .debug_aranges
                0x00000170       0x88 build/stm32f4xx_it.o
 .debug_aranges
                0x000001f8       0x20 build/sysmem.o
 .debug_aranges
                0x00000218       0x28 build/system_stm32f4xx.o
 .debug_aranges
                0x00000240       0xf0 build/stm32f4xx_hal.o
 .debug_aranges
                0x00000330      0x138 build/stm32f4xx_hal_can.o
 .debug_aranges
                0x00000468       0xe8 build/stm32f4xx_hal_cortex.o
 .debug_aranges
                0x00000550       0x90 build/stm32f4xx_hal_dma.o
 .debug_aranges
                0x000005e0       0x58 build/stm32f4xx_hal_gpio.o
 .debug_aranges
                0x00000638       0x88 build/stm32f4xx_hal_rcc.o
 .debug_aranges
                0x000006c0      0x3d0 build/stm32f4xx_hal_tim.o
 .debug_aranges
                0x00000a90      0x168 build/stm32f4xx_hal_tim_ex.o
 .debug_aranges
                0x00000bf8      0x208 build/stm32f4xx_hal_uart.o
 .debug_aranges
                0x00000e00       0x28 build/startup_stm32f405xx.o
 .debug_aranges
                0x00000e28       0x20 c:/Users/PC/AppData/Roaming/Code/User/globalStorage/bmd.stm32-for-vscode/@xpack-dev-tools/arm-none-eabi-gcc/13.2.1-1.1.1/.content/bin/../lib/gcc/arm-none-eabi/13.2.1/thumb/v7e-m+fp/hard\libgcc.a(_aeabi_uldivmod.o)
 .debug_aranges
                0x00000e48       0x20 c:/Users/PC/AppData/Roaming/Code/User/globalStorage/bmd.stm32-for-vscode/@xpack-dev-tools/arm-none-eabi-gcc/13.2.1-1.1.1/.content/bin/../lib/gcc/arm-none-eabi/13.2.1/thumb/v7e-m+fp/hard\libgcc.a(_udivmoddi4.o)
 .debug_aranges
                0x00000e68       0x20 c:/Users/PC/AppData/Roaming/Code/User/globalStorage/bmd.stm32-for-vscode/@xpack-dev-tools/arm-none-eabi-gcc/13.2.1-1.1.1/.content/bin/../lib/gcc/arm-none-eabi/13.2.1/thumb/v7e-m+fp/hard\libgcc.a(_dvmd_tls.o)

.debug_rnglists
                0x00000000      0xbcc
 .debug_rnglists
                0x00000000       0xb5 build/UDS.o
 .debug_rnglists
                0x000000b5       0x71 build/main.o
 .debug_rnglists
                0x00000126       0x3a build/stm32f4xx_hal_msp.o
 .debug_rnglists
                0x00000160       0x61 build/stm32f4xx_it.o
 .debug_rnglists
                0x000001c1       0x13 build/sysmem.o
 .debug_rnglists
                0x000001d4       0x1a build/system_stm32f4xx.o
 .debug_rnglists
                0x000001ee       0xaf build/stm32f4xx_hal.o
 .debug_rnglists
                0x0000029d       0xf6 build/stm32f4xx_hal_can.o
 .debug_rnglists
                0x00000393       0xa9 build/stm32f4xx_hal_cortex.o
 .debug_rnglists
                0x0000043c       0x6c build/stm32f4xx_hal_dma.o
 .debug_rnglists
                0x000004a8       0x3f build/stm32f4xx_hal_gpio.o
 .debug_rnglists
                0x000004e7       0x75 build/stm32f4xx_hal_rcc.o
 .debug_rnglists
                0x0000055c      0x302 build/stm32f4xx_hal_tim.o
 .debug_rnglists
                0x0000085e      0x11b build/stm32f4xx_hal_tim_ex.o
 .debug_rnglists
                0x00000979      0x1a1 build/stm32f4xx_hal_uart.o
 .debug_rnglists
                0x00000b1a       0x19 build/startup_stm32f405xx.o
 .debug_rnglists
                0x00000b33       0x99 c:/Users/PC/AppData/Roaming/Code/User/globalStorage/bmd.stm32-for-vscode/@xpack-dev-tools/arm-none-eabi-gcc/13.2.1-1.1.1/.content/bin/../lib/gcc/arm-none-eabi/13.2.1/thumb/v7e-m+fp/hard\libgcc.a(_udivmoddi4.o)

.debug_line     0x00000000    0x108c8
 .debug_line    0x00000000      0xc2e build/UDS.o
 .debug_line    0x00000c2e      0xb1f build/main.o
 .debug_line    0x0000174d      0x511 build/stm32f4xx_hal_msp.o
 .debug_line    0x00001c5e      0x404 build/stm32f4xx_it.o
 .debug_line    0x00002062      0x2b3 build/sysmem.o
 .debug_line    0x00002315      0x2f0 build/system_stm32f4xx.o
 .debug_line    0x00002605      0x609 build/stm32f4xx_hal.o
 .debug_line    0x00002c0e     0x11ed build/stm32f4xx_hal_can.o
 .debug_line    0x00003dfb      0x8b1 build/stm32f4xx_hal_cortex.o
 .debug_line    0x000046ac      0xed5 build/stm32f4xx_hal_dma.o
 .debug_line    0x00005581      0x797 build/stm32f4xx_hal_gpio.o
 .debug_line    0x00005d18      0xc27 build/stm32f4xx_hal_rcc.o
 .debug_line    0x0000693f     0x4810 build/stm32f4xx_hal_tim.o
 .debug_line    0x0000b14f     0x1b59 build/stm32f4xx_hal_tim_ex.o
 .debug_line    0x0000cca8     0x355f build/stm32f4xx_hal_uart.o
 .debug_line    0x00010207       0x76 build/startup_stm32f405xx.o
 .debug_line    0x0001027d       0x4e c:/Users/PC/AppData/Roaming/Code/User/globalStorage/bmd.stm32-for-vscode/@xpack-dev-tools/arm-none-eabi-gcc/13.2.1-1.1.1/.content/bin/../lib/gcc/arm-none-eabi/13.2.1/thumb/v7e-m+fp/hard\libgcc.a(_aeabi_uldivmod.o)
 .debug_line    0x000102cb      0x5b3 c:/Users/PC/AppData/Roaming/Code/User/globalStorage/bmd.stm32-for-vscode/@xpack-dev-tools/arm-none-eabi-gcc/13.2.1-1.1.1/.content/bin/../lib/gcc/arm-none-eabi/13.2.1/thumb/v7e-m+fp/hard\libgcc.a(_udivmoddi4.o)
 .debug_line    0x0001087e       0x4a c:/Users/PC/AppData/Roaming/Code/User/globalStorage/bmd.stm32-for-vscode/@xpack-dev-tools/arm-none-eabi-gcc/13.2.1-1.1.1/.content/bin/../lib/gcc/arm-none-eabi/13.2.1/thumb/v7e-m+fp/hard\libgcc.a(_dvmd_tls.o)

.debug_str      0x00000000     0x4daa
 .debug_str     0x00000000     0x4daa build/UDS.o
                                0xc39 (size before relaxing)
 .debug_str     0x00004daa     0x187d build/main.o
 .debug_str     0x00004daa     0x1217 build/stm32f4xx_hal_msp.o
 .debug_str     0x00004daa      0xcce build/stm32f4xx_it.o
 .debug_str     0x00004daa      0x1e2 build/sysmem.o
 .debug_str     0x00004daa      0x332 build/system_stm32f4xx.o
 .debug_str     0x00004daa      0xb00 build/stm32f4xx_hal.o
 .debug_str     0x00004daa      0x9f2 build/stm32f4xx_hal_can.o
 .debug_str     0x00004daa      0xbdf build/stm32f4xx_hal_cortex.o
 .debug_str     0x00004daa      0x733 build/stm32f4xx_hal_dma.o
 .debug_str     0x00004daa      0x49d build/stm32f4xx_hal_gpio.o
 .debug_str     0x00004daa      0x6c3 build/stm32f4xx_hal_rcc.o
 .debug_str     0x00004daa     0x16bc build/stm32f4xx_hal_tim.o
 .debug_str     0x00004daa      0xec8 build/stm32f4xx_hal_tim_ex.o
 .debug_str     0x00004daa      0xd58 build/stm32f4xx_hal_uart.o
 .debug_str     0x00004daa       0x3b build/startup_stm32f405xx.o
 .debug_str     0x00004daa      0x120 c:/Users/PC/AppData/Roaming/Code/User/globalStorage/bmd.stm32-for-vscode/@xpack-dev-tools/arm-none-eabi-gcc/13.2.1-1.1.1/.content/bin/../lib/gcc/arm-none-eabi/13.2.1/thumb/v7e-m+fp/hard\libgcc.a(_aeabi_uldivmod.o)
 .debug_str     0x00004daa      0x739 c:/Users/PC/AppData/Roaming/Code/User/globalStorage/bmd.stm32-for-vscode/@xpack-dev-tools/arm-none-eabi-gcc/13.2.1-1.1.1/.content/bin/../lib/gcc/arm-none-eabi/13.2.1/thumb/v7e-m+fp/hard\libgcc.a(_udivmoddi4.o)
 .debug_str     0x00004daa      0x140 c:/Users/PC/AppData/Roaming/Code/User/globalStorage/bmd.stm32-for-vscode/@xpack-dev-tools/arm-none-eabi-gcc/13.2.1-1.1.1/.content/bin/../lib/gcc/arm-none-eabi/13.2.1/thumb/v7e-m+fp/hard\libgcc.a(_dvmd_tls.o)

.debug_frame    0x00000000     0x2544
 .debug_frame   0x00000000      0x164 build/UDS.o
 .debug_frame   0x00000164      0x1b0 build/main.o
 .debug_frame   0x00000314       0xd0 build/stm32f4xx_hal_msp.o
 .debug_frame   0x000003e4      0x120 build/stm32f4xx_it.o
 .debug_frame   0x00000504       0x28 build/sysmem.o
 .debug_frame   0x0000052c       0x30 build/system_stm32f4xx.o
 .debug_frame   0x0000055c      0x1ec build/stm32f4xx_hal.o
 .debug_frame   0x00000748      0x2d8 build/stm32f4xx_hal_can.o
 .debug_frame   0x00000a20      0x1f4 build/stm32f4xx_hal_cortex.o
 .debug_frame   0x00000c14      0x188 build/stm32f4xx_hal_dma.o
 .debug_frame   0x00000d9c       0xd8 build/stm32f4xx_hal_gpio.o
 .debug_frame   0x00000e74      0x16c build/stm32f4xx_hal_rcc.o
 .debug_frame   0x00000fe0      0xb10 build/stm32f4xx_hal_tim.o
 .debug_frame   0x00001af0      0x418 build/stm32f4xx_hal_tim_ex.o
 .debug_frame   0x00001f08      0x5dc build/stm32f4xx_hal_uart.o
 .debug_frame   0x000024e4       0x2c c:/Users/PC/AppData/Roaming/Code/User/globalStorage/bmd.stm32-for-vscode/@xpack-dev-tools/arm-none-eabi-gcc/13.2.1-1.1.1/.content/bin/../lib/gcc/arm-none-eabi/13.2.1/thumb/v7e-m+fp/hard\libgcc.a(_aeabi_uldivmod.o)
 .debug_frame   0x00002510       0x34 c:/Users/PC/AppData/Roaming/Code/User/globalStorage/bmd.stm32-for-vscode/@xpack-dev-tools/arm-none-eabi-gcc/13.2.1-1.1.1/.content/bin/../lib/gcc/arm-none-eabi/13.2.1/thumb/v7e-m+fp/hard\libgcc.a(_udivmoddi4.o)

.debug_line_str
                0x00000000      0x13d
 .debug_line_str
                0x00000000      0x13d build/startup_stm32f405xx.o
                                 0x1f (size before relaxing)
 .debug_line_str
                0x0000013d      0x112 c:/Users/PC/AppData/Roaming/Code/User/globalStorage/bmd.stm32-for-vscode/@xpack-dev-tools/arm-none-eabi-gcc/13.2.1-1.1.1/.content/bin/../lib/gcc/arm-none-eabi/13.2.1/thumb/v7e-m+fp/hard\libgcc.a(_aeabi_uldivmod.o)
 .debug_line_str
                0x0000013d      0x116 c:/Users/PC/AppData/Roaming/Code/User/globalStorage/bmd.stm32-for-vscode/@xpack-dev-tools/arm-none-eabi-gcc/13.2.1-1.1.1/.content/bin/../lib/gcc/arm-none-eabi/13.2.1/thumb/v7e-m+fp/hard\libgcc.a(_dvmd_tls.o)

Cross Reference Table

Symbol                                            File
ADC_IRQHandler                                    build/startup_stm32f405xx.o
AHBPrescTable                                     build/system_stm32f4xx.o
                                                  build/stm32f4xx_hal_rcc.o
APBPrescTable                                     build/system_stm32f4xx.o
                                                  build/stm32f4xx_hal_rcc.o
BusFault_Handler                                  build/stm32f4xx_it.o
CAN1_Config                                       build/main.o
CAN1_DATA_RX                                      build/main.o
CAN1_DATA_TX                                      build/main.o
                                                  build/UDS.o
CAN1_RX0_IRQHandler                               build/stm32f4xx_it.o
CAN1_RX1_IRQHandler                               build/startup_stm32f405xx.o
CAN1_SCE_IRQHandler                               build/startup_stm32f405xx.o
CAN1_Send                                         build/UDS.o
                                                  build/main.o
CAN1_TX_IRQHandler                                build/startup_stm32f405xx.o
CAN1_pHeader                                      build/main.o
                                                  build/UDS.o
CAN1_pHeaderRx                                    build/main.o
CAN1_pTxMailbox                                   build/main.o
                                                  build/UDS.o
CAN1_sFilterConfig                                build/main.o
CAN2_Config                                       build/main.o
CAN2_DATA_RX                                      build/main.o
CAN2_DATA_TX                                      build/main.o
                                                  build/UDS.o
CAN2_RX0_IRQHandler                               build/stm32f4xx_it.o
CAN2_RX1_IRQHandler                               build/startup_stm32f405xx.o
CAN2_SCE_IRQHandler                               build/startup_stm32f405xx.o
CAN2_Send                                         build/UDS.o
CAN2_TX_IRQHandler                                build/startup_stm32f405xx.o
CAN2_pHeader                                      build/main.o
                                                  build/UDS.o
CAN2_pHeaderRx                                    build/main.o
CAN2_pTxMailbox                                   build/main.o
                                                  build/UDS.o
CAN2_sFilterConfig                                build/main.o
DMA1_Stream0_IRQHandler                           build/startup_stm32f405xx.o
DMA1_Stream1_IRQHandler                           build/startup_stm32f405xx.o
DMA1_Stream2_IRQHandler                           build/startup_stm32f405xx.o
DMA1_Stream3_IRQHandler                           build/startup_stm32f405xx.o
DMA1_Stream4_IRQHandler                           build/startup_stm32f405xx.o
DMA1_Stream5_IRQHandler                           build/startup_stm32f405xx.o
DMA1_Stream6_IRQHandler                           build/startup_stm32f405xx.o
DMA1_Stream7_IRQHandler                           build/startup_stm32f405xx.o
DMA2_Stream0_IRQHandler                           build/startup_stm32f405xx.o
DMA2_Stream1_IRQHandler                           build/startup_stm32f405xx.o
DMA2_Stream2_IRQHandler                           build/startup_stm32f405xx.o
DMA2_Stream3_IRQHandler                           build/startup_stm32f405xx.o
DMA2_Stream4_IRQHandler                           build/startup_stm32f405xx.o
DMA2_Stream5_IRQHandler                           build/startup_stm32f405xx.o
DMA2_Stream6_IRQHandler                           build/startup_stm32f405xx.o
DMA2_Stream7_IRQHandler                           build/startup_stm32f405xx.o
DebugMon_Handler                                  build/stm32f4xx_it.o
Default_Handler                                   build/startup_stm32f405xx.o
EXTI0_IRQHandler                                  build/stm32f4xx_it.o
EXTI15_10_IRQHandler                              build/startup_stm32f405xx.o
EXTI1_IRQHandler                                  build/startup_stm32f405xx.o
EXTI2_IRQHandler                                  build/startup_stm32f405xx.o
EXTI3_IRQHandler                                  build/startup_stm32f405xx.o
EXTI4_IRQHandler                                  build/startup_stm32f405xx.o
EXTI9_5_IRQHandler                                build/startup_stm32f405xx.o
Error_Handler                                     build/main.o
                                                  build/UDS.o
FLASH_Erase_Sector                                build/stm32f4xx_hal_flash_ex.o
                                                  build/stm32f4xx_hal_flash.o
FLASH_FlushCaches                                 build/stm32f4xx_hal_flash_ex.o
                                                  build/stm32f4xx_hal_flash.o
FLASH_IRQHandler                                  build/startup_stm32f405xx.o
FLASH_WaitForLastOperation                        build/stm32f4xx_hal_flash.o
                                                  build/stm32f4xx_hal_flash_ex.o
FPU_IRQHandler                                    build/startup_stm32f405xx.o
FSMC_IRQHandler                                   build/startup_stm32f405xx.o
FormatCANFrame                                    build/UDS.o
HAL_CAN_AbortTxRequest                            build/stm32f4xx_hal_can.o
HAL_CAN_ActivateNotification                      build/stm32f4xx_hal_can.o
                                                  build/main.o
HAL_CAN_AddTxMessage                              build/stm32f4xx_hal_can.o
                                                  build/UDS.o
HAL_CAN_ConfigFilter                              build/stm32f4xx_hal_can.o
                                                  build/main.o
HAL_CAN_DeInit                                    build/stm32f4xx_hal_can.o
HAL_CAN_DeactivateNotification                    build/stm32f4xx_hal_can.o
HAL_CAN_ErrorCallback                             build/stm32f4xx_hal_can.o
HAL_CAN_GetError                                  build/stm32f4xx_hal_can.o
HAL_CAN_GetRxFifoFillLevel                        build/stm32f4xx_hal_can.o
HAL_CAN_GetRxMessage                              build/stm32f4xx_hal_can.o
                                                  build/main.o
HAL_CAN_GetState                                  build/stm32f4xx_hal_can.o
HAL_CAN_GetTxMailboxesFreeLevel                   build/stm32f4xx_hal_can.o
HAL_CAN_GetTxTimestamp                            build/stm32f4xx_hal_can.o
HAL_CAN_IRQHandler                                build/stm32f4xx_hal_can.o
                                                  build/stm32f4xx_it.o
HAL_CAN_Init                                      build/stm32f4xx_hal_can.o
                                                  build/main.o
HAL_CAN_IsSleepActive                             build/stm32f4xx_hal_can.o
HAL_CAN_IsTxMessagePending                        build/stm32f4xx_hal_can.o
HAL_CAN_MspDeInit                                 build/stm32f4xx_hal_msp.o
HAL_CAN_MspInit                                   build/stm32f4xx_hal_msp.o
HAL_CAN_RequestSleep                              build/stm32f4xx_hal_can.o
HAL_CAN_ResetError                                build/stm32f4xx_hal_can.o
HAL_CAN_RxFifo0FullCallback                       build/stm32f4xx_hal_can.o
HAL_CAN_RxFifo0MsgPendingCallback                 build/main.o
HAL_CAN_RxFifo1FullCallback                       build/stm32f4xx_hal_can.o
HAL_CAN_RxFifo1MsgPendingCallback                 build/stm32f4xx_hal_can.o
HAL_CAN_SleepCallback                             build/stm32f4xx_hal_can.o
HAL_CAN_Start                                     build/stm32f4xx_hal_can.o
                                                  build/main.o
HAL_CAN_Stop                                      build/stm32f4xx_hal_can.o
HAL_CAN_TxMailbox0AbortCallback                   build/stm32f4xx_hal_can.o
HAL_CAN_TxMailbox0CompleteCallback                build/stm32f4xx_hal_can.o
HAL_CAN_TxMailbox1AbortCallback                   build/stm32f4xx_hal_can.o
HAL_CAN_TxMailbox1CompleteCallback                build/stm32f4xx_hal_can.o
HAL_CAN_TxMailbox2AbortCallback                   build/stm32f4xx_hal_can.o
HAL_CAN_TxMailbox2CompleteCallback                build/stm32f4xx_hal_can.o
HAL_CAN_WakeUp                                    build/stm32f4xx_hal_can.o
HAL_CAN_WakeUpFromRxMsgCallback                   build/stm32f4xx_hal_can.o
HAL_CORTEX_ClearEvent                             build/stm32f4xx_hal_cortex.o
HAL_DBGMCU_DisableDBGSleepMode                    build/stm32f4xx_hal.o
HAL_DBGMCU_DisableDBGStandbyMode                  build/stm32f4xx_hal.o
HAL_DBGMCU_DisableDBGStopMode                     build/stm32f4xx_hal.o
HAL_DBGMCU_EnableDBGSleepMode                     build/stm32f4xx_hal.o
HAL_DBGMCU_EnableDBGStandbyMode                   build/stm32f4xx_hal.o
HAL_DBGMCU_EnableDBGStopMode                      build/stm32f4xx_hal.o
HAL_DMAEx_ChangeMemory                            build/stm32f4xx_hal_dma_ex.o
HAL_DMAEx_MultiBufferStart                        build/stm32f4xx_hal_dma_ex.o
HAL_DMAEx_MultiBufferStart_IT                     build/stm32f4xx_hal_dma_ex.o
HAL_DMA_Abort                                     build/stm32f4xx_hal_dma.o
                                                  build/stm32f4xx_hal_uart.o
HAL_DMA_Abort_IT                                  build/stm32f4xx_hal_dma.o
                                                  build/stm32f4xx_hal_uart.o
                                                  build/stm32f4xx_hal_tim_ex.o
                                                  build/stm32f4xx_hal_tim.o
HAL_DMA_DeInit                                    build/stm32f4xx_hal_dma.o
HAL_DMA_GetError                                  build/stm32f4xx_hal_dma.o
                                                  build/stm32f4xx_hal_uart.o
HAL_DMA_GetState                                  build/stm32f4xx_hal_dma.o
HAL_DMA_IRQHandler                                build/stm32f4xx_hal_dma.o
HAL_DMA_Init                                      build/stm32f4xx_hal_dma.o
HAL_DMA_PollForTransfer                           build/stm32f4xx_hal_dma.o
HAL_DMA_RegisterCallback                          build/stm32f4xx_hal_dma.o
HAL_DMA_Start                                     build/stm32f4xx_hal_dma.o
HAL_DMA_Start_IT                                  build/stm32f4xx_hal_dma.o
                                                  build/stm32f4xx_hal_uart.o
                                                  build/stm32f4xx_hal_tim_ex.o
                                                  build/stm32f4xx_hal_tim.o
HAL_DMA_UnRegisterCallback                        build/stm32f4xx_hal_dma.o
HAL_DeInit                                        build/stm32f4xx_hal.o
HAL_Delay                                         build/stm32f4xx_hal.o
                                                  build/main.o
                                                  build/UDS.o
HAL_DisableCompensationCell                       build/stm32f4xx_hal.o
HAL_EXTI_ClearConfigLine                          build/stm32f4xx_hal_exti.o
HAL_EXTI_ClearPending                             build/stm32f4xx_hal_exti.o
HAL_EXTI_GenerateSWI                              build/stm32f4xx_hal_exti.o
HAL_EXTI_GetConfigLine                            build/stm32f4xx_hal_exti.o
HAL_EXTI_GetHandle                                build/stm32f4xx_hal_exti.o
HAL_EXTI_GetPending                               build/stm32f4xx_hal_exti.o
HAL_EXTI_IRQHandler                               build/stm32f4xx_hal_exti.o
HAL_EXTI_RegisterCallback                         build/stm32f4xx_hal_exti.o
HAL_EXTI_SetConfigLine                            build/stm32f4xx_hal_exti.o
HAL_EnableCompensationCell                        build/stm32f4xx_hal.o
HAL_FLASHEx_Erase                                 build/stm32f4xx_hal_flash_ex.o
HAL_FLASHEx_Erase_IT                              build/stm32f4xx_hal_flash_ex.o
HAL_FLASHEx_OBGetConfig                           build/stm32f4xx_hal_flash_ex.o
HAL_FLASHEx_OBProgram                             build/stm32f4xx_hal_flash_ex.o
HAL_FLASH_EndOfOperationCallback                  build/stm32f4xx_hal_flash.o
HAL_FLASH_GetError                                build/stm32f4xx_hal_flash.o
HAL_FLASH_IRQHandler                              build/stm32f4xx_hal_flash.o
HAL_FLASH_Lock                                    build/stm32f4xx_hal_flash.o